Archive member included because of file (symbol)

c:/users/vu/appdata/local/arduino15/packages/arduino/tools/arm-none-eabi-gcc/4.8.3-2014q1/bin/../lib/gcc/arm-none-eabi/4.8.3/../../../../arm-none-eabi/lib/armv6-m\libm.a(lib_a-s_cos.o)
                              VentusThermostatGUI.cpp.o (cos)
c:/users/vu/appdata/local/arduino15/packages/arduino/tools/arm-none-eabi-gcc/4.8.3-2014q1/bin/../lib/gcc/arm-none-eabi/4.8.3/../../../../arm-none-eabi/lib/armv6-m\libm.a(lib_a-s_sin.o)
                              VentusThermostatGUI.cpp.o (sin)
c:/users/vu/appdata/local/arduino15/packages/arduino/tools/arm-none-eabi-gcc/4.8.3-2014q1/bin/../lib/gcc/arm-none-eabi/4.8.3/../../../../arm-none-eabi/lib/armv6-m\libm.a(lib_a-e_rem_pio2.o)
                              c:/users/vu/appdata/local/arduino15/packages/arduino/tools/arm-none-eabi-gcc/4.8.3-2014q1/bin/../lib/gcc/arm-none-eabi/4.8.3/../../../../arm-none-eabi/lib/armv6-m\libm.a(lib_a-s_cos.o) (__ieee754_rem_pio2)
c:/users/vu/appdata/local/arduino15/packages/arduino/tools/arm-none-eabi-gcc/4.8.3-2014q1/bin/../lib/gcc/arm-none-eabi/4.8.3/../../../../arm-none-eabi/lib/armv6-m\libm.a(lib_a-k_cos.o)
                              c:/users/vu/appdata/local/arduino15/packages/arduino/tools/arm-none-eabi-gcc/4.8.3-2014q1/bin/../lib/gcc/arm-none-eabi/4.8.3/../../../../arm-none-eabi/lib/armv6-m\libm.a(lib_a-s_cos.o) (__kernel_cos)
c:/users/vu/appdata/local/arduino15/packages/arduino/tools/arm-none-eabi-gcc/4.8.3-2014q1/bin/../lib/gcc/arm-none-eabi/4.8.3/../../../../arm-none-eabi/lib/armv6-m\libm.a(lib_a-k_rem_pio2.o)
                              c:/users/vu/appdata/local/arduino15/packages/arduino/tools/arm-none-eabi-gcc/4.8.3-2014q1/bin/../lib/gcc/arm-none-eabi/4.8.3/../../../../arm-none-eabi/lib/armv6-m\libm.a(lib_a-e_rem_pio2.o) (__kernel_rem_pio2)
c:/users/vu/appdata/local/arduino15/packages/arduino/tools/arm-none-eabi-gcc/4.8.3-2014q1/bin/../lib/gcc/arm-none-eabi/4.8.3/../../../../arm-none-eabi/lib/armv6-m\libm.a(lib_a-k_sin.o)
                              c:/users/vu/appdata/local/arduino15/packages/arduino/tools/arm-none-eabi-gcc/4.8.3-2014q1/bin/../lib/gcc/arm-none-eabi/4.8.3/../../../../arm-none-eabi/lib/armv6-m\libm.a(lib_a-s_cos.o) (__kernel_sin)
c:/users/vu/appdata/local/arduino15/packages/arduino/tools/arm-none-eabi-gcc/4.8.3-2014q1/bin/../lib/gcc/arm-none-eabi/4.8.3/../../../../arm-none-eabi/lib/armv6-m\libm.a(lib_a-s_fabs.o)
                              c:/users/vu/appdata/local/arduino15/packages/arduino/tools/arm-none-eabi-gcc/4.8.3-2014q1/bin/../lib/gcc/arm-none-eabi/4.8.3/../../../../arm-none-eabi/lib/armv6-m\libm.a(lib_a-e_rem_pio2.o) (fabs)
c:/users/vu/appdata/local/arduino15/packages/arduino/tools/arm-none-eabi-gcc/4.8.3-2014q1/bin/../lib/gcc/arm-none-eabi/4.8.3/../../../../arm-none-eabi/lib/armv6-m\libm.a(lib_a-s_floor.o)
                              c:/users/vu/appdata/local/arduino15/packages/arduino/tools/arm-none-eabi-gcc/4.8.3-2014q1/bin/../lib/gcc/arm-none-eabi/4.8.3/../../../../arm-none-eabi/lib/armv6-m\libm.a(lib_a-k_rem_pio2.o) (floor)
c:/users/vu/appdata/local/arduino15/packages/arduino/tools/arm-none-eabi-gcc/4.8.3-2014q1/bin/../lib/gcc/arm-none-eabi/4.8.3/../../../../arm-none-eabi/lib/armv6-m\libm.a(lib_a-s_scalbn.o)
                              c:/users/vu/appdata/local/arduino15/packages/arduino/tools/arm-none-eabi-gcc/4.8.3-2014q1/bin/../lib/gcc/arm-none-eabi/4.8.3/../../../../arm-none-eabi/lib/armv6-m\libm.a(lib_a-k_rem_pio2.o) (scalbn)
c:/users/vu/appdata/local/arduino15/packages/arduino/tools/arm-none-eabi-gcc/4.8.3-2014q1/bin/../lib/gcc/arm-none-eabi/4.8.3/../../../../arm-none-eabi/lib/armv6-m\libm.a(lib_a-s_copysign.o)
                              c:/users/vu/appdata/local/arduino15/packages/arduino/tools/arm-none-eabi-gcc/4.8.3-2014q1/bin/../lib/gcc/arm-none-eabi/4.8.3/../../../../arm-none-eabi/lib/armv6-m\libm.a(lib_a-s_scalbn.o) (copysign)
C:\Users\Vu\AppData\Local\Temp\VMBuilds\VentusThermostatGUI\adafruit_adafruit_feather_m0\Release/core.a(cortex_handlers.c.o)
                              (Reset_Handler)
C:\Users\Vu\AppData\Local\Temp\VMBuilds\VentusThermostatGUI\adafruit_adafruit_feather_m0\Release/core.a(delay.c.o)
                              VentusThermostatGUI.cpp.o (millis)
C:\Users\Vu\AppData\Local\Temp\VMBuilds\VentusThermostatGUI\adafruit_adafruit_feather_m0\Release/core.a(hooks.c.o)
                              C:\Users\Vu\AppData\Local\Temp\VMBuilds\VentusThermostatGUI\adafruit_adafruit_feather_m0\Release/core.a(delay.c.o) (yield)
C:\Users\Vu\AppData\Local\Temp\VMBuilds\VentusThermostatGUI\adafruit_adafruit_feather_m0\Release/core.a(startup.c.o)
                              C:\Users\Vu\AppData\Local\Temp\VMBuilds\VentusThermostatGUI\adafruit_adafruit_feather_m0\Release/core.a(cortex_handlers.c.o) (SystemInit)
C:\Users\Vu\AppData\Local\Temp\VMBuilds\VentusThermostatGUI\adafruit_adafruit_feather_m0\Release/core.a(WInterrupts.c.o)
[...]
Memory Configuration

Name             Origin             Length             Attributes
FLASH            0x00002000         0x0003e000         xr
RAM              0x20000000         0x00008000         xrw
*default*        0x00000000         0xffffffff

Linker script and memory map

LOAD c:/users/vu/appdata/local/arduino15/packages/arduino/tools/arm-none-eabi-gcc/4.8.3-2014q1/bin/../lib/gcc/arm-none-eabi/4.8.3/armv6-m/crti.o
LOAD c:/users/vu/appdata/local/arduino15/packages/arduino/tools/arm-none-eabi-gcc/4.8.3-2014q1/bin/../lib/gcc/arm-none-eabi/4.8.3/armv6-m/crtbegin.o
LOAD c:/users/vu/appdata/local/arduino15/packages/arduino/tools/arm-none-eabi-gcc/4.8.3-2014q1/bin/../lib/gcc/arm-none-eabi/4.8.3/../../../../arm-none-eabi/lib/armv6-m/crt0.o
LOAD VentusThermostatGUI.cpp.o
LOAD SPI\SPI.cpp.o
LOAD Adafruit_GFX_Library\glcdfont.c.o
LOAD Adafruit_GFX_Library\Adafruit_GFX.cpp.o
LOAD Adafruit_GFX_Library\Adafruit_SPITFT.cpp.o
LOAD Adafruit_HX8357_Library\Adafruit_HX8357.cpp.o
LOAD Adafruit_STMPE610\Adafruit_STMPE610.cpp.o
LOAD Wire\Wire.cpp.o
LOAD WiFi101\WiFi.cpp.o
LOAD WiFi101\WiFiClient.cpp.o
LOAD WiFi101\WiFiMDNSResponder.cpp.o
LOAD WiFi101\WiFiServer.cpp.o
LOAD WiFi101\WiFiSSLClient.cpp.o
LOAD WiFi101\WiFiUdp.cpp.o
LOAD WiFi101\bsp\source\nm_bsp_arduino.c.o
LOAD WiFi101\bsp\source\nm_bsp_arduino_avr.c.o
LOAD WiFi101\bus_wrapper\source\nm_bus_wrapper_samd21.cpp.o
LOAD WiFi101\common\source\nm_common.c.o
LOAD WiFi101\driver\source\m2m_ate_mode.c.o
LOAD WiFi101\driver\source\m2m_crypto.c.o
LOAD WiFi101\driver\source\m2m_hif.c.o
LOAD WiFi101\driver\source\m2m_ota.c.o
LOAD WiFi101\driver\source\m2m_periph.c.o
LOAD WiFi101\driver\source\m2m_ssl.c.o
LOAD WiFi101\driver\source\m2m_wifi.c.o
LOAD WiFi101\driver\source\nmasic.c.o
LOAD WiFi101\driver\source\nmbus.c.o
LOAD WiFi101\driver\source\nmdrv.c.o
LOAD WiFi101\driver\source\nmi2c.c.o
LOAD WiFi101\driver\source\nmspi.c.o
LOAD WiFi101\driver\source\nmuart.c.o
LOAD WiFi101\socket\source\socket.c.o
LOAD WiFi101\spi_flash\source\spi_flash.c.o
LOAD WiFi101\utility\WiFiSocket.cpp.o
LOAD C:\Users\Vu\AppData\Local\Temp\VMBCore\arduino16x\738f5a7998026d51a13128e819df1cf6\variant\variant.cpp.o
START GROUP
LOAD C:\Users\Vu\AppData\Local\arduino15\packages\arduino\tools\CMSIS\4.5.0/CMSIS/Lib/GCC/\libarm_cortexM0l_math.a
LOAD c:/users/vu/appdata/local/arduino15/packages/arduino/tools/arm-none-eabi-gcc/4.8.3-2014q1/bin/../lib/gcc/arm-none-eabi/4.8.3/../../../../arm-none-eabi/lib/armv6-m\libm.a
LOAD C:\Users\Vu\AppData\Local\Temp\VMBuilds\VentusThermostatGUI\adafruit_adafruit_feather_m0\Release/core.a
END GROUP
START GROUP
LOAD c:/users/vu/appdata/local/arduino15/packages/arduino/tools/arm-none-eabi-gcc/4.8.3-2014q1/bin/../lib/gcc/arm-none-eabi/4.8.3/armv6-m\libgcc.a
LOAD c:/users/vu/appdata/local/arduino15/packages/arduino/tools/arm-none-eabi-gcc/4.8.3-2014q1/bin/../lib/gcc/arm-none-eabi/4.8.3/../../../../arm-none-eabi/lib/armv6-m\libc_s.a
END GROUP
START GROUP
LOAD c:/users/vu/appdata/local/arduino15/packages/arduino/tools/arm-none-eabi-gcc/4.8.3-2014q1/bin/../lib/gcc/arm-none-eabi/4.8.3/armv6-m\libgcc.a
LOAD c:/users/vu/appdata/local/arduino15/packages/arduino/tools/arm-none-eabi-gcc/4.8.3-2014q1/bin/../lib/gcc/arm-none-eabi/4.8.3/../../../../arm-none-eabi/lib/armv6-m\libc_s.a
LOAD c:/users/vu/appdata/local/arduino15/packages/arduino/tools/arm-none-eabi-gcc/4.8.3-2014q1/bin/../lib/gcc/arm-none-eabi/4.8.3/../../../../arm-none-eabi/lib/armv6-m\libnosys.a
END GROUP
START GROUP
LOAD c:/users/vu/appdata/local/arduino15/packages/arduino/tools/arm-none-eabi-gcc/4.8.3-2014q1/bin/../lib/gcc/arm-none-eabi/4.8.3/armv6-m\libgcc.a
LOAD c:/users/vu/appdata/local/arduino15/packages/arduino/tools/arm-none-eabi-gcc/4.8.3-2014q1/bin/../lib/gcc/arm-none-eabi/4.8.3/../../../../arm-none-eabi/lib/armv6-m\libc_s.a
LOAD c:/users/vu/appdata/local/arduino15/packages/arduino/tools/arm-none-eabi-gcc/4.8.3-2014q1/bin/../lib/gcc/arm-none-eabi/4.8.3/../../../../arm-none-eabi/lib/armv6-m\libnosys.a
END GROUP
LOAD c:/users/vu/appdata/local/arduino15/packages/arduino/tools/arm-none-eabi-gcc/4.8.3-2014q1/bin/../lib/gcc/arm-none-eabi/4.8.3/armv6-m/crtend.o
LOAD c:/users/vu/appdata/local/arduino15/packages/arduino/tools/arm-none-eabi-gcc/4.8.3-2014q1/bin/../lib/gcc/arm-none-eabi/4.8.3/armv6-m/crtn.o

.text           0x00002000    0x10530
                0x00002000                __text_start__ = .
 *(.sketch_boot)
                0x00002000                . = ALIGN (0x2000)
 *(.isr_vector)
 .isr_vector    0x00002000       0xb4 C:\Users\Vu\AppData\Local\Temp\VMBuilds\VentusThermostatGUI\adafruit_adafruit_feather_m0\Release/core.a(cortex_handlers.c.o)
                0x00002000                exception_table
 *(.text*)
 .text          0x000020b4       0x60 c:/users/vu/appdata/local/arduino15/packages/arduino/tools/arm-none-eabi-gcc/4.8.3-2014q1/bin/../lib/gcc/arm-none-eabi/4.8.3/armv6-m/crtbegin.o
 .text._Z7rainbowh
                0x00002114       0x4e VentusThermostatGUI.cpp.o
                0x00002114                rainbow(unsigned char)
 *fill*         0x00002162        0x6 
 .text._Z9ringMeteriiiiiiPchiii
                0x00002168      0x2b8 VentusThermostatGUI.cpp.o
                0x00002168                ringMeter(int, int, int, int, int, int, char*, unsigned char, int, int, int)
 .text._Z11connectWiFiv
                0x00002420       0x5c VentusThermostatGUI.cpp.o
                0x00002420                connectWiFi()
 *fill*         0x0000247c        0x4 
 .text._Z14readBatPercentv
                0x00002480       0x98 VentusThermostatGUI.cpp.o
                0x00002480                readBatPercent()
 .text.startup._GLOBAL__sub_I_valueXpos
                0x00002518       0x80 VentusThermostatGUI.cpp.o
 .text.setup    0x00002598      0x1ec VentusThermostatGUI.cpp.o
                0x00002598                setup
 .text._Z9toggleFanv
                0x00002784       0x84 VentusThermostatGUI.cpp.o
                0x00002784                toggleFan()
 .text._Z10toggleAutov
                0x00002808       0x84 VentusThermostatGUI.cpp.o
                0x00002808                toggleAuto()
 .text._Z11httpRequestv
                0x0000288c       0xb8 VentusThermostatGUI.cpp.o
                0x0000288c                httpRequest()
 .text.loop     0x00002944      0x20c VentusThermostatGUI.cpp.o
                0x00002944                loop
 .text._ZN8SPIClass4initEv
                0x00002b50       0x12 SPI\SPI.cpp.o
                0x00002b50                SPIClass::init()
 .text._ZN8SPIClass6configE11SPISettings
                0x00002b62       0x36 SPI\SPI.cpp.o
                0x00002b62                SPIClass::config(SPISettings)
 .text._ZN8SPIClass5beginEv
                0x00002b98       0x50 SPI\SPI.cpp.o
                0x00002b98                SPIClass::begin()
 .text._ZN8SPIClass3endEv
                0x00002be8       0x10 SPI\SPI.cpp.o
                0x00002be8                SPIClass::end()
 .text._ZN8SPIClass16beginTransactionE11SPISettings
                0x00002bf8       0x38 SPI\SPI.cpp.o
                0x00002bf8                SPIClass::beginTransaction(SPISettings)
 .text._ZN8SPIClass14endTransactionEv
                0x00002c30       0x24 SPI\SPI.cpp.o
                0x00002c30                SPIClass::endTransaction()
 .text._ZN8SPIClass8transferEh
                0x00002c54        0xa SPI\SPI.cpp.o
                0x00002c54                SPIClass::transfer(unsigned char)
 *fill*         0x00002c5e        0x2 
 .text.startup._GLOBAL__sub_I__ZN8SPIClassC2EP6SERCOMhhh14SercomSpiTXPad11SercomRXPad
                0x00002c60       0x38 SPI\SPI.cpp.o
 .text._ZN5Print17availableForWriteEv
                0x00002c98        0x4 Adafruit_GFX_Library\Adafruit_GFX.cpp.o
                0x00002c98                Print::availableForWrite()
 .text._ZN5Print5flushEv
                0x00002c9c        0x2 Adafruit_GFX_Library\Adafruit_GFX.cpp.o
                0x00002c9c                Print::flush()
 *fill*         0x00002c9e        0x2 
 .text._ZN12Adafruit_GFX9writeLineEsssst
                0x00002ca0       0xd4 Adafruit_GFX_Library\Adafruit_GFX.cpp.o
                0x00002ca0                Adafruit_GFX::writeLine(short, short, short, short, unsigned short)
 .text._ZN12Adafruit_GFX10startWriteEv
                0x00002d74        0x2 Adafruit_GFX_Library\Adafruit_GFX.cpp.o
                0x00002d74                Adafruit_GFX::startWrite()
 .text._ZN12Adafruit_GFX10writePixelEsst
                0x00002d76        0xa Adafruit_GFX_Library\Adafruit_GFX.cpp.o
                0x00002d76                Adafruit_GFX::writePixel(short, short, unsigned short)
 .text._ZN12Adafruit_GFX14writeFastVLineEssst
                0x00002d80       0x10 Adafruit_GFX_Library\Adafruit_GFX.cpp.o
                0x00002d80                Adafruit_GFX::writeFastVLine(short, short, short, unsigned short)
 .text._ZN12Adafruit_GFX14writeFastHLineEssst
                0x00002d90       0x10 Adafruit_GFX_Library\Adafruit_GFX.cpp.o
                0x00002d90                Adafruit_GFX::writeFastHLine(short, short, short, unsigned short)
 .text._ZN12Adafruit_GFX13writeFillRectEsssst
                0x00002da0       0x18 Adafruit_GFX_Library\Adafruit_GFX.cpp.o
                0x00002da0                Adafruit_GFX::writeFillRect(short, short, short, short, unsigned short)
 .text._ZN12Adafruit_GFX8endWriteEv
                0x00002db8        0x2 Adafruit_GFX_Library\Adafruit_GFX.cpp.o
                0x00002db8                Adafruit_GFX::endWrite()
 .text._ZN12Adafruit_GFX13drawFastVLineEssst
                0x00002dba       0x3e Adafruit_GFX_Library\Adafruit_GFX.cpp.o
                0x00002dba                Adafruit_GFX::drawFastVLine(short, short, short, unsigned short)
 .text._ZN12Adafruit_GFX13drawFastHLineEssst
                0x00002df8       0x3c Adafruit_GFX_Library\Adafruit_GFX.cpp.o
                0x00002df8                Adafruit_GFX::drawFastHLine(short, short, short, unsigned short)
 .text._ZN12Adafruit_GFX8fillRectEsssst
                0x00002e34       0x4e Adafruit_GFX_Library\Adafruit_GFX.cpp.o
                0x00002e34                Adafruit_GFX::fillRect(short, short, short, short, unsigned short)
 .text._ZN12Adafruit_GFX10fillScreenEt
                0x00002e82       0x1a Adafruit_GFX_Library\Adafruit_GFX.cpp.o
                0x00002e82                Adafruit_GFX::fillScreen(unsigned short)
 .text._ZN12Adafruit_GFX8drawLineEsssst
                0x00002e9c       0x84 Adafruit_GFX_Library\Adafruit_GFX.cpp.o
                0x00002e9c                Adafruit_GFX::drawLine(short, short, short, short, unsigned short)
 .text._ZN12Adafruit_GFX8drawRectEsssst
                0x00002f20       0x84 Adafruit_GFX_Library\Adafruit_GFX.cpp.o
                0x00002f20                Adafruit_GFX::drawRect(short, short, short, short, unsigned short)
 .text._ZN12Adafruit_GFX13invertDisplayEb
                0x00002fa4        0x2 Adafruit_GFX_Library\Adafruit_GFX.cpp.o
                0x00002fa4                Adafruit_GFX::invertDisplay(bool)
 .text._ZN12Adafruit_GFX11setRotationEh
                0x00002fa6       0x1e Adafruit_GFX_Library\Adafruit_GFX.cpp.o
                0x00002fa6                Adafruit_GFX::setRotation(unsigned char)
 .text._ZN12Adafruit_GFXC2Ess
                0x00002fc4       0x30 Adafruit_GFX_Library\Adafruit_GFX.cpp.o
                0x00002fc4                Adafruit_GFX::Adafruit_GFX(short, short)
                0x00002fc4                Adafruit_GFX::Adafruit_GFX(short, short)
 .text._ZN12Adafruit_GFX12fillTriangleEsssssst
                0x00002ff4      0x1d8 Adafruit_GFX_Library\Adafruit_GFX.cpp.o
                0x00002ff4                Adafruit_GFX::fillTriangle(short, short, short, short, short, short, unsigned short)
 .text._ZN12Adafruit_GFX10drawBitmapEssPKhsst
                0x000031cc       0xa6 Adafruit_GFX_Library\Adafruit_GFX.cpp.o
                0x000031cc                Adafruit_GFX::drawBitmap(short, short, unsigned char const*, short, short, unsigned short)
 *fill*         0x00003272        0x2 
 .text._ZN12Adafruit_GFX8drawCharEsshtth
                0x00003274      0x2a4 Adafruit_GFX_Library\Adafruit_GFX.cpp.o
                0x00003274                Adafruit_GFX::drawChar(short, short, unsigned char, unsigned short, unsigned short, unsigned char)
 .text._ZN12Adafruit_GFX5writeEh
                0x00003518       0xf6 Adafruit_GFX_Library\Adafruit_GFX.cpp.o
                0x00003518                Adafruit_GFX::write(unsigned char)
 .text._ZN12Adafruit_GFX9setCursorEss
                0x0000360e        0x6 Adafruit_GFX_Library\Adafruit_GFX.cpp.o
                0x0000360e                Adafruit_GFX::setCursor(short, short)
 .text._ZN12Adafruit_GFX11setTextSizeEh
                0x00003614        0xa Adafruit_GFX_Library\Adafruit_GFX.cpp.o
                0x00003614                Adafruit_GFX::setTextSize(unsigned char)
 .text._ZN12Adafruit_GFX12setTextColorEt
                0x0000361e        0x6 Adafruit_GFX_Library\Adafruit_GFX.cpp.o
                0x0000361e                Adafruit_GFX::setTextColor(unsigned short)
 .text._ZN12Adafruit_GFX12setTextColorEtt
                0x00003624        0x6 Adafruit_GFX_Library\Adafruit_GFX.cpp.o
                0x00003624                Adafruit_GFX::setTextColor(unsigned short, unsigned short)
 .text._ZN15Adafruit_SPITFT14writeFastVLineEssst
                0x0000362a       0x14 Adafruit_GFX_Library\Adafruit_SPITFT.cpp.o
                0x0000362a                Adafruit_SPITFT::writeFastVLine(short, short, short, unsigned short)
 .text._ZN15Adafruit_SPITFT14writeFastHLineEssst
                0x0000363e       0x14 Adafruit_GFX_Library\Adafruit_SPITFT.cpp.o
                0x0000363e                Adafruit_SPITFT::writeFastHLine(short, short, short, unsigned short)
 .text._ZN15Adafruit_SPITFT13drawFastVLineEssst
                0x00003652       0x32 Adafruit_GFX_Library\Adafruit_SPITFT.cpp.o
                0x00003652                Adafruit_SPITFT::drawFastVLine(short, short, short, unsigned short)
 .text._ZN15Adafruit_SPITFT13drawFastHLineEssst
                0x00003684       0x32 Adafruit_GFX_Library\Adafruit_SPITFT.cpp.o
                0x00003684                Adafruit_SPITFT::drawFastHLine(short, short, short, unsigned short)
 .text._ZN15Adafruit_SPITFT8fillRectEsssst
                0x000036b6       0x3a Adafruit_GFX_Library\Adafruit_SPITFT.cpp.o
                0x000036b6                Adafruit_SPITFT::fillRect(short, short, short, short, unsigned short)
 .text._ZN15Adafruit_SPITFT8endWriteEv
                0x000036f0       0x1a Adafruit_GFX_Library\Adafruit_SPITFT.cpp.o
                0x000036f0                Adafruit_SPITFT::endWrite()
 *fill*         0x0000370a        0x2 
 .text._ZN15Adafruit_SPITFT10startWriteEv
                0x0000370c       0x38 Adafruit_GFX_Library\Adafruit_SPITFT.cpp.o
                0x0000370c                Adafruit_SPITFT::startWrite()
 .text._ZN15Adafruit_SPITFTC2EttP8SPIClassaaa
                0x00003744       0xa8 Adafruit_GFX_Library\Adafruit_SPITFT.cpp.o
                0x00003744                Adafruit_SPITFT::Adafruit_SPITFT(unsigned short, unsigned short, SPIClass*, signed char, signed char, signed char)
                0x00003744                Adafruit_SPITFT::Adafruit_SPITFT(unsigned short, unsigned short, SPIClass*, signed char, signed char, signed char)
 .text._ZN15Adafruit_SPITFT7initSPIEm
                0x000037ec       0xa0 Adafruit_GFX_Library\Adafruit_SPITFT.cpp.o
                0x000037ec                Adafruit_SPITFT::initSPI(unsigned long)
 .text._ZN15Adafruit_SPITFT8spiWriteEh
                0x0000388c       0x46 Adafruit_GFX_Library\Adafruit_SPITFT.cpp.o
                0x0000388c                Adafruit_SPITFT::spiWrite(unsigned char)
 .text._ZN15Adafruit_SPITFT10writePixelEt
                0x000038d2       0x2e Adafruit_GFX_Library\Adafruit_SPITFT.cpp.o
                0x000038d2                Adafruit_SPITFT::writePixel(unsigned short)
 .text._ZN15Adafruit_SPITFT10writePixelEsst
                0x00003900       0x38 Adafruit_GFX_Library\Adafruit_SPITFT.cpp.o
                0x00003900                Adafruit_SPITFT::writePixel(short, short, unsigned short)
 .text._ZN15Adafruit_SPITFT9drawPixelEsst
                0x00003938       0x4a Adafruit_GFX_Library\Adafruit_SPITFT.cpp.o
                0x00003938                Adafruit_SPITFT::drawPixel(short, short, unsigned short)
 .text._ZN15Adafruit_SPITFT12writeCommandEh
                0x00003982       0x20 Adafruit_GFX_Library\Adafruit_SPITFT.cpp.o
                0x00003982                Adafruit_SPITFT::writeCommand(unsigned char)
 .text._ZN15Adafruit_SPITFT13invertDisplayEb
                0x000039a2       0x2a Adafruit_GFX_Library\Adafruit_SPITFT.cpp.o
                0x000039a2                Adafruit_SPITFT::invertDisplay(bool)
 .text._ZN15Adafruit_SPITFT10writeColorEtm
                0x000039cc       0x46 Adafruit_GFX_Library\Adafruit_SPITFT.cpp.o
                0x000039cc                Adafruit_SPITFT::writeColor(unsigned short, unsigned long)
 .text._ZN15Adafruit_SPITFT13writeFillRectEsssst
                0x00003a12       0x96 Adafruit_GFX_Library\Adafruit_SPITFT.cpp.o
                0x00003a12                Adafruit_SPITFT::writeFillRect(short, short, short, short, unsigned short)
 .text._ZN15Adafruit_HX835713invertDisplayEb
                0x00003aa8       0x24 Adafruit_HX8357_Library\Adafruit_HX8357.cpp.o
                0x00003aa8                Adafruit_HX8357::invertDisplay(bool)
 .text._ZN15Adafruit_HX83575beginEm
                0x00003acc       0x8c Adafruit_HX8357_Library\Adafruit_HX8357.cpp.o
                0x00003acc                Adafruit_HX8357::begin(unsigned long)
 .text._ZN15Adafruit_HX835711setRotationEh
                0x00003b58       0x5e Adafruit_HX8357_Library\Adafruit_HX8357.cpp.o
                0x00003b58                Adafruit_HX8357::setRotation(unsigned char)
 .text._ZN15Adafruit_HX835713setAddrWindowEtttt
                0x00003bb6       0xdc Adafruit_HX8357_Library\Adafruit_HX8357.cpp.o
                0x00003bb6                Adafruit_HX8357::setAddrWindow(unsigned short, unsigned short, unsigned short, unsigned short)
 *fill*         0x00003c92        0x2 
 .text._ZN15Adafruit_HX8357C2EaaahP8SPIClass
                0x00003c94       0x38 Adafruit_HX8357_Library\Adafruit_HX8357.cpp.o
                0x00003c94                Adafruit_HX8357::Adafruit_HX8357(signed char, signed char, signed char, unsigned char, SPIClass*)
                0x00003c94                Adafruit_HX8357::Adafruit_HX8357(signed char, signed char, signed char, unsigned char, SPIClass*)
 .text._ZN15Adafruit_HX8357D2Ev
                0x00003ccc        0xc Adafruit_HX8357_Library\Adafruit_HX8357.cpp.o
                0x00003ccc                Adafruit_HX8357::~Adafruit_HX8357()
                0x00003ccc                Adafruit_HX8357::~Adafruit_HX8357()
 .text._ZN17Adafruit_STMPE610C2Eh
                0x00003cd8        0xc Adafruit_STMPE610\Adafruit_STMPE610.cpp.o
                0x00003cd8                Adafruit_STMPE610::Adafruit_STMPE610(unsigned char)
                0x00003cd8                Adafruit_STMPE610::Adafruit_STMPE610(unsigned char)
 .text._ZN17Adafruit_STMPE6105spiInEv
                0x00003ce4       0x28 Adafruit_STMPE610\Adafruit_STMPE610.cpp.o
                0x00003ce4                Adafruit_STMPE610::spiIn()
 .text._ZN17Adafruit_STMPE6106spiOutEh
                0x00003d0c       0x28 Adafruit_STMPE610\Adafruit_STMPE610.cpp.o
                0x00003d0c                Adafruit_STMPE610::spiOut(unsigned char)
 .text.startup._GLOBAL__sub_I__ZN17Adafruit_STMPE610C2Ehhhh
                0x00003d34       0x18 Adafruit_STMPE610\Adafruit_STMPE610.cpp.o
 .text._ZN17Adafruit_STMPE61014writeRegister8Ehh
                0x00003d4c       0x84 Adafruit_STMPE610\Adafruit_STMPE610.cpp.o
                0x00003d4c                Adafruit_STMPE610::writeRegister8(unsigned char, unsigned char)
 .text._ZN17Adafruit_STMPE61013readRegister8Eh
                0x00003dd0       0xa8 Adafruit_STMPE610\Adafruit_STMPE610.cpp.o
                0x00003dd0                Adafruit_STMPE610::readRegister8(unsigned char)
 .text._ZN17Adafruit_STMPE6107touchedEv
                0x00003e78        0xe Adafruit_STMPE610\Adafruit_STMPE610.cpp.o
                0x00003e78                Adafruit_STMPE610::touched()
 .text._ZN17Adafruit_STMPE61011bufferEmptyEv
                0x00003e86        0xe Adafruit_STMPE610\Adafruit_STMPE610.cpp.o
                0x00003e86                Adafruit_STMPE610::bufferEmpty()
 .text._ZN17Adafruit_STMPE61010getVersionEv
                0x00003e94       0x1e Adafruit_STMPE610\Adafruit_STMPE610.cpp.o
                0x00003e94                Adafruit_STMPE610::getVersion()
 *fill*         0x00003eb2        0x2 
 .text._ZN17Adafruit_STMPE6105beginEh
                0x00003eb4      0x168 Adafruit_STMPE610\Adafruit_STMPE610.cpp.o
                0x00003eb4                Adafruit_STMPE610::begin(unsigned char)
 .text._ZN17Adafruit_STMPE6108readDataEPtS0_Ph
                0x0000401c       0x56 Adafruit_STMPE610\Adafruit_STMPE610.cpp.o
                0x0000401c                Adafruit_STMPE610::readData(unsigned short*, unsigned short*, unsigned char*)
 .text._ZN7TwoWire5writeEPKhj
                0x00004072       0x24 Wire\Wire.cpp.o
                0x00004072                TwoWire::write(unsigned char const*, unsigned int)
 .text._ZN7TwoWire5flushEv
                0x00004096        0x2 Wire\Wire.cpp.o
                0x00004096                TwoWire::flush()
 .text._ZN7TwoWire4peekEv
                0x00004098       0x1a Wire\Wire.cpp.o
                0x00004098                TwoWire::peek()
 .text._ZN7TwoWire9availableEv
                0x000040b2       0x12 Wire\Wire.cpp.o
                0x000040b2                TwoWire::available()
 .text._ZN7TwoWireC2EP6SERCOMhh
                0x000040c4       0x5c Wire\Wire.cpp.o
                0x000040c4                TwoWire::TwoWire(SERCOM*, unsigned char, unsigned char)
                0x000040c4                TwoWire::TwoWire(SERCOM*, unsigned char, unsigned char)
 .text._ZN7TwoWire5beginEv
                0x00004120       0x40 Wire\Wire.cpp.o
                0x00004120                TwoWire::begin()
 .text._ZN7TwoWire17beginTransmissionEh
                0x00004160       0x18 Wire\Wire.cpp.o
                0x00004160                TwoWire::beginTransmission(unsigned char)
 .text._ZN11RingBufferNILi256EE10store_charEh
                0x00004178       0x1a Wire\Wire.cpp.o
                0x00004178                RingBufferN<256>::store_char(unsigned char)
 .text._ZN7TwoWire11requestFromEhjb
                0x00004192       0x76 Wire\Wire.cpp.o
                0x00004192                TwoWire::requestFrom(unsigned char, unsigned int, bool)
 .text._ZN7TwoWire11requestFromEhj
                0x00004208        0xa Wire\Wire.cpp.o
                0x00004208                TwoWire::requestFrom(unsigned char, unsigned int)
 .text._ZN7TwoWire5writeEh
                0x00004212       0x2a Wire\Wire.cpp.o
                0x00004212                TwoWire::write(unsigned char)
 .text._ZN11RingBufferNILi256EE9read_charEv
                0x0000423c       0x20 Wire\Wire.cpp.o
                0x0000423c                RingBufferN<256>::read_char()
 .text._ZN7TwoWire15endTransmissionEb
                0x0000425c       0x72 Wire\Wire.cpp.o
                0x0000425c                TwoWire::endTransmission(bool)
 .text._ZN7TwoWire15endTransmissionEv
                0x000042ce        0xa Wire\Wire.cpp.o
                0x000042ce                TwoWire::endTransmission()
 .text._ZN7TwoWire4readEv
                0x000042d8        0xa Wire\Wire.cpp.o
                0x000042d8                TwoWire::read()
 .text._ZN7TwoWire9onServiceEv
                0x000042e2      0x11c Wire\Wire.cpp.o
                0x000042e2                TwoWire::onService()
 *fill*         0x000043fe        0x2 
 .text.SERCOM3_Handler
                0x00004400       0x10 Wire\Wire.cpp.o
                0x00004400                SERCOM3_Handler
 .text.startup._GLOBAL__sub_I__ZN7TwoWireC2EP6SERCOMhh
                0x00004410       0x18 Wire\Wire.cpp.o
 .text._ZL10resolve_cbPhm
                0x00004428        0xc WiFi101\WiFi.cpp.o
 .text._ZL9socket_cbahPv
                0x00004434        0x8 WiFi101\WiFi.cpp.o
 .text._ZN9WiFiClass7setPinsEaaaa
                0x0000443c       0x2c WiFi101\WiFi.cpp.o
                0x0000443c                WiFiClass::setPins(signed char, signed char, signed char, signed char)
 .text._ZN9WiFiClass4initEv
                0x00004468       0xe0 WiFi101\WiFi.cpp.o
                0x00004468                WiFiClass::init()
 .text._ZN9WiFiClass5beginEv
                0x00004548       0x8c WiFi101\WiFi.cpp.o
                0x00004548                WiFiClass::begin()
 .text._ZN9WiFiClass12startConnectEPKchPKv
                0x000045d4       0xb0 WiFi101\WiFi.cpp.o
                0x000045d4                WiFiClass::startConnect(char const*, unsigned char, void const*)
 .text._ZN9WiFiClass5beginEPKcS1_
                0x00004684        0xc WiFi101\WiFi.cpp.o
                0x00004684                WiFiClass::begin(char const*, char const*)
 .text._ZN9WiFiClass14startProvisionEPKcS1_h
                0x00004690       0xc4 WiFi101\WiFi.cpp.o
                0x00004690                WiFiClass::startProvision(char const*, char const*, unsigned char)
 .text._ZN9WiFiClass10macAddressEPh
                0x00004754       0x26 WiFi101\WiFi.cpp.o
                0x00004754                WiFiClass::macAddress(unsigned char*)
 *fill*         0x0000477a        0x2 
 .text._ZN9WiFiClass4RSSIEv
                0x0000477c       0x5c WiFi101\WiFi.cpp.o
                0x0000477c                WiFiClass::RSSI()
 .text._ZN9WiFiClass6statusEv
                0x000047d8       0x1a WiFi101\WiFi.cpp.o
                0x000047d8                WiFiClass::status()
 *fill*         0x000047f2        0x2 
 .text._ZN9WiFiClass14beginProvisionEh
                0x000047f4       0x44 WiFi101\WiFi.cpp.o
                0x000047f4                WiFiClass::beginProvision(unsigned char)
 .text._ZN9WiFiClass14beginProvisionEv
                0x00004838        0xa WiFi101\WiFi.cpp.o
                0x00004838                WiFiClass::beginProvision()
 *fill*         0x00004842        0x2 
 .text._ZN9WiFiClass11handleEventEhPv
                0x00004844      0x20c WiFi101\WiFi.cpp.o
                0x00004844                WiFiClass::handleEvent(unsigned char, void*)
 .text._ZL7wifi_cbhPv
                0x00004a50       0x14 WiFi101\WiFi.cpp.o
 .text._ZN9WiFiClass10hostByNameEPKcR9IPAddress
                0x00004a64       0x90 WiFi101\WiFi.cpp.o
                0x00004a64                WiFiClass::hostByName(char const*, IPAddress&)
 .text._ZN9WiFiClass12lowPowerModeEv
                0x00004af4        0xc WiFi101\WiFi.cpp.o
                0x00004af4                WiFiClass::lowPowerMode()
 .text.startup._GLOBAL__sub_I__ZN9WiFiClass11handleEventEhPv
                0x00004b00       0x30 WiFi101\WiFi.cpp.o
 .text._ZN10WiFiClient5writeEh
                0x00004b30       0x14 WiFi101\WiFiClient.cpp.o
                0x00004b30                WiFiClient::write(unsigned char)
 .text._ZN10WiFiClient4readEv
                0x00004b44       0x1e WiFi101\WiFiClient.cpp.o
                0x00004b44                WiFiClient::read()
 .text._ZN10WiFiClient5flushEv
                0x00004b62        0x2 WiFi101\WiFiClient.cpp.o
                0x00004b62                WiFiClient::flush()
 .text._ZN10WiFiClientcvbEv
                0x00004b64        0xe WiFi101\WiFiClient.cpp.o
                0x00004b64                WiFiClient::operator bool()
 *fill*         0x00004b72        0x2 
 .text._ZN10WiFiClient4stopEv
                0x00004b74       0x1c WiFi101\WiFiClient.cpp.o
                0x00004b74                WiFiClient::stop()
 .text._ZN10WiFiClient9availableEv
                0x00004b90       0x18 WiFi101\WiFiClient.cpp.o
                0x00004b90                WiFiClient::available()
 .text._ZN10WiFiClient4readEPhj
                0x00004ba8       0x30 WiFi101\WiFiClient.cpp.o
                0x00004ba8                WiFiClient::read(unsigned char*, unsigned int)
 .text._ZN10WiFiClient4peekEv
                0x00004bd8       0x24 WiFi101\WiFiClient.cpp.o
                0x00004bd8                WiFiClient::peek()
 .text._ZN10WiFiClient9connectedEv
                0x00004bfc       0x1c WiFi101\WiFiClient.cpp.o
                0x00004bfc                WiFiClient::connected()
 .text._ZN10WiFiClient8remoteIPEv
                0x00004c18       0x28 WiFi101\WiFiClient.cpp.o
                0x00004c18                WiFiClient::remoteIP()
 .text._ZN10WiFiClient10remotePortEv
                0x00004c40       0x30 WiFi101\WiFiClient.cpp.o
                0x00004c40                WiFiClient::remotePort()
 .text._ZN10WiFiClient5writeEPKhj
                0x00004c70       0x40 WiFi101\WiFiClient.cpp.o
                0x00004c70                WiFiClient::write(unsigned char const*, unsigned int)
 .text._ZN10WiFiClientC2Ev
                0x00004cb0       0x1c WiFi101\WiFiClient.cpp.o
                0x00004cb0                WiFiClient::WiFiClient()
                0x00004cb0                WiFiClient::WiFiClient()
 .text._ZN10WiFiClient7connectE9IPAddressthPKh
                0x00004ccc       0x90 WiFi101\WiFiClient.cpp.o
                0x00004ccc                WiFiClient::connect(IPAddress, unsigned short, unsigned char, unsigned char const*)
 .text._ZN10WiFiClient10connectSSLE9IPAddresst
                0x00004d5c       0x20 WiFi101\WiFiClient.cpp.o
                0x00004d5c                WiFiClient::connectSSL(IPAddress, unsigned short)
 .text._ZN10WiFiClient7connectE9IPAddresst
                0x00004d7c       0x1c WiFi101\WiFiClient.cpp.o
                0x00004d7c                WiFiClient::connect(IPAddress, unsigned short)
 .text._ZN10WiFiClient7connectEPKcth
                0x00004d98       0x44 WiFi101\WiFiClient.cpp.o
                0x00004d98                WiFiClient::connect(char const*, unsigned short, unsigned char)
 .text._ZN10WiFiClient10connectSSLEPKct
                0x00004ddc        0xa WiFi101\WiFiClient.cpp.o
                0x00004ddc                WiFiClient::connectSSL(char const*, unsigned short)
 .text._ZN10WiFiClient7connectEPKct
                0x00004de6        0xa WiFi101\WiFiClient.cpp.o
                0x00004de6                WiFiClient::connect(char const*, unsigned short)
 .text.startup._GLOBAL__sub_I__ZN10WiFiClientC2Ev
                0x00004df0       0x18 WiFi101\WiFiClient.cpp.o
 .text.startup._GLOBAL__sub_I__ZN17WiFiMDNSResponderC2Ev
                0x00004e08       0x18 WiFi101\WiFiMDNSResponder.cpp.o
 .text.startup._GLOBAL__sub_I__ZN10WiFiServerC2Et
                0x00004e20       0x18 WiFi101\WiFiServer.cpp.o
 .text._ZN13WiFiSSLClient7connectE9IPAddresst
                0x00004e38       0x18 WiFi101\WiFiSSLClient.cpp.o
                0x00004e38                WiFiSSLClient::connect(IPAddress, unsigned short)
 .text._ZN13WiFiSSLClient7connectEPKct
                0x00004e50        0x8 WiFi101\WiFiSSLClient.cpp.o
                0x00004e50                WiFiSSLClient::connect(char const*, unsigned short)
 .text._ZN13WiFiSSLClientC2Ev
                0x00004e58       0x18 WiFi101\WiFiSSLClient.cpp.o
                0x00004e58                WiFiSSLClient::WiFiSSLClient()
                0x00004e58                WiFiSSLClient::WiFiSSLClient()
 .text.startup._GLOBAL__sub_I__ZN13WiFiSSLClientC2Ev
                0x00004e70       0x18 WiFi101\WiFiSSLClient.cpp.o
 .text.startup._GLOBAL__sub_I__ZN7WiFiUDPC2Ev
                0x00004e88       0x18 WiFi101\WiFiUdp.cpp.o
 .text.chip_isr
                0x00004ea0       0x14 WiFi101\bsp\source\nm_bsp_arduino.c.o
 .text.attachInterruptMultiArch
                0x00004eb4        0x8 WiFi101\bsp\source\nm_bsp_arduino.c.o
                0x00004eb4                attachInterruptMultiArch
 .text.detachInterruptMultiArch
                0x00004ebc        0x8 WiFi101\bsp\source\nm_bsp_arduino.c.o
                0x00004ebc                detachInterruptMultiArch
 .text.nm_bsp_sleep
                0x00004ec4       0x14 WiFi101\bsp\source\nm_bsp_arduino.c.o
                0x00004ec4                nm_bsp_sleep
 .text.nm_bsp_reset
                0x00004ed8       0x30 WiFi101\bsp\source\nm_bsp_arduino.c.o
                0x00004ed8                nm_bsp_reset
 .text.nm_bsp_init
                0x00004f08       0x58 WiFi101\bsp\source\nm_bsp_arduino.c.o
                0x00004f08                nm_bsp_init
 .text.nm_bsp_register_isr
                0x00004f60       0x24 WiFi101\bsp\source\nm_bsp_arduino.c.o
                0x00004f60                nm_bsp_register_isr
 .text.nm_bsp_interrupt_ctrl
                0x00004f84       0x28 WiFi101\bsp\source\nm_bsp_arduino.c.o
                0x00004f84                nm_bsp_interrupt_ctrl
 .text.nm_bus_init
                0x00004fac       0x34 WiFi101\bus_wrapper\source\nm_bus_wrapper_samd21.cpp.o
                0x00004fac                nm_bus_init
 .text.nm_bus_ioctl
                0x00004fe0       0x98 WiFi101\bus_wrapper\source\nm_bus_wrapper_samd21.cpp.o
                0x00004fe0                nm_bus_ioctl
 .text.nm_bus_deinit
                0x00005078       0x10 WiFi101\bus_wrapper\source\nm_bus_wrapper_samd21.cpp.o
                0x00005078                nm_bus_deinit
 .text.startup._GLOBAL__sub_I_egstrNmBusCapabilities
                0x00005088       0x18 WiFi101\bus_wrapper\source\nm_bus_wrapper_samd21.cpp.o
 .text.m2m_memcpy
                0x000050a0       0x12 WiFi101\common\source\nm_common.c.o
                0x000050a0                m2m_memcpy
 .text.m2m_memset
                0x000050b2       0x10 WiFi101\common\source\nm_common.c.o
                0x000050b2                m2m_memset
 .text.m2m_strlen
                0x000050c2       0x14 WiFi101\common\source\nm_common.c.o
                0x000050c2                m2m_strlen
 *fill*         0x000050d6        0x2 
 .text.isr      0x000050d8       0x10 WiFi101\driver\source\m2m_hif.c.o
 .text.m2m_hif_cb
                0x000050e8        0x2 WiFi101\driver\source\m2m_hif.c.o
 *fill*         0x000050ea        0x2 
 .text.hif_set_rx_done
                0x000050ec       0x3c WiFi101\driver\source\m2m_hif.c.o
 .text.hif_chip_wake
                0x00005128       0x34 WiFi101\driver\source\m2m_hif.c.o
                0x00005128                hif_chip_wake
 .text.hif_set_sleep_mode
                0x0000515c        0xc WiFi101\driver\source\m2m_hif.c.o
                0x0000515c                hif_set_sleep_mode
 .text.hif_chip_sleep_sc
                0x00005168       0x18 WiFi101\driver\source\m2m_hif.c.o
                0x00005168                hif_chip_sleep_sc
 .text.hif_chip_sleep
                0x00005180       0x2c WiFi101\driver\source\m2m_hif.c.o
                0x00005180                hif_chip_sleep
 .text.hif_init
                0x000051ac       0x28 WiFi101\driver\source\m2m_hif.c.o
                0x000051ac                hif_init
 .text.hif_send
                0x000051d4      0x190 WiFi101\driver\source\m2m_hif.c.o
                0x000051d4                hif_send
 .text.hif_handle_isr
                0x00005364      0x160 WiFi101\driver\source\m2m_hif.c.o
                0x00005364                hif_handle_isr
 .text.hif_receive
                0x000054c4       0x58 WiFi101\driver\source\m2m_hif.c.o
                0x000054c4                hif_receive
 .text.hif_register_cb
                0x0000551c       0x3c WiFi101\driver\source\m2m_hif.c.o
                0x0000551c                hif_register_cb
 .text.get_gpio_idx
                0x00005558       0x3a WiFi101\driver\source\m2m_periph.c.o
 .text.m2m_periph_gpio_set_dir
                0x00005592       0x28 WiFi101\driver\source\m2m_periph.c.o
                0x00005592                m2m_periph_gpio_set_dir
 .text.m2m_periph_gpio_set_val
                0x000055ba       0x28 WiFi101\driver\source\m2m_periph.c.o
                0x000055ba                m2m_periph_gpio_set_val
 .text.m2m_ssl_set_active_ciphersuites
                0x000055e2       0x1c WiFi101\driver\source\m2m_ssl.c.o
                0x000055e2                m2m_ssl_set_active_ciphersuites
 *fill*         0x000055fe        0x2 
 .text.m2m_wifi_cb
                0x00005600      0x188 WiFi101\driver\source\m2m_wifi.c.o
 .text.m2m_validate_ap_parameters
                0x00005788       0x96 WiFi101\driver\source\m2m_wifi.c.o
 *fill*         0x0000581e        0x2 
 .text.m2m_wifi_init
                0x00005820       0x70 WiFi101\driver\source\m2m_wifi.c.o
                0x00005820                m2m_wifi_init
 .text.m2m_wifi_handle_events
                0x00005890        0x8 WiFi101\driver\source\m2m_wifi.c.o
                0x00005890                m2m_wifi_handle_events
 .text.m2m_wifi_default_connect
                0x00005898       0x18 WiFi101\driver\source\m2m_wifi.c.o
                0x00005898                m2m_wifi_default_connect
 .text.m2m_wifi_connect_sc
                0x000058b0      0x10c WiFi101\driver\source\m2m_wifi.c.o
                0x000058b0                m2m_wifi_connect_sc
 .text.m2m_wifi_connect
                0x000059bc       0x12 WiFi101\driver\source\m2m_wifi.c.o
                0x000059bc                m2m_wifi_connect
 .text.m2m_wifi_req_curr_rssi
                0x000059ce       0x18 WiFi101\driver\source\m2m_wifi.c.o
                0x000059ce                m2m_wifi_req_curr_rssi
 .text.m2m_wifi_get_mac_address
                0x000059e6       0x1e WiFi101\driver\source\m2m_wifi.c.o
                0x000059e6                m2m_wifi_get_mac_address
 .text.m2m_wifi_set_sleep_mode
                0x00005a04       0x2c WiFi101\driver\source\m2m_wifi.c.o
                0x00005a04                m2m_wifi_set_sleep_mode
 .text.m2m_wifi_start_provision_mode
                0x00005a30       0x94 WiFi101\driver\source\m2m_wifi.c.o
                0x00005a30                m2m_wifi_start_provision_mode
 .text.m2m_wifi_get_connection_info
                0x00005ac4       0x18 WiFi101\driver\source\m2m_wifi.c.o
                0x00005ac4                m2m_wifi_get_connection_info
 .text.chip_apply_conf
                0x00005adc       0x2c WiFi101\driver\source\nmasic.c.o
                0x00005adc                chip_apply_conf
 .text.enable_interrupts
                0x00005b08       0x50 WiFi101\driver\source\nmasic.c.o
                0x00005b08                enable_interrupts
 .text.nmi_get_chipid
                0x00005b58       0xac WiFi101\driver\source\nmasic.c.o
                0x00005b58                nmi_get_chipid
 .text.chip_sleep
                0x00005c04       0x5e WiFi101\driver\source\nmasic.c.o
                0x00005c04                chip_sleep
 .text.chip_wake
                0x00005c62       0x7c WiFi101\driver\source\nmasic.c.o
                0x00005c62                chip_wake
 *fill*         0x00005cde        0x2 
 .text.wait_for_bootrom
                0x00005ce0       0xd0 WiFi101\driver\source\nmasic.c.o
                0x00005ce0                wait_for_bootrom
 .text.wait_for_firmware_start
                0x00005db0       0x60 WiFi101\driver\source\nmasic.c.o
                0x00005db0                wait_for_firmware_start
 .text.chip_deinit
                0x00005e10       0x2c WiFi101\driver\source\nmasic.c.o
                0x00005e10                chip_deinit
 .text.set_gpio_dir
                0x00005e3c       0x34 WiFi101\driver\source\nmasic.c.o
                0x00005e3c                set_gpio_dir
 .text.set_gpio_val
                0x00005e70       0x34 WiFi101\driver\source\nmasic.c.o
                0x00005e70                set_gpio_val
 .text.nmi_get_mac_address
                0x00005ea4       0x74 WiFi101\driver\source\nmasic.c.o
                0x00005ea4                nmi_get_mac_address
 .text.nm_bus_iface_init
                0x00005f18        0x8 WiFi101\driver\source\nmbus.c.o
                0x00005f18                nm_bus_iface_init
 .text.nm_bus_iface_deinit
                0x00005f20        0x8 WiFi101\driver\source\nmbus.c.o
                0x00005f20                nm_bus_iface_deinit
 .text.nm_bus_reset
                0x00005f28        0x8 WiFi101\driver\source\nmbus.c.o
                0x00005f28                nm_bus_reset
 .text.nm_read_reg
                0x00005f30        0x8 WiFi101\driver\source\nmbus.c.o
                0x00005f30                nm_read_reg
 .text.nm_read_reg_with_ret
                0x00005f38        0x8 WiFi101\driver\source\nmbus.c.o
                0x00005f38                nm_read_reg_with_ret
 .text.nm_write_reg
                0x00005f40        0x8 WiFi101\driver\source\nmbus.c.o
                0x00005f40                nm_write_reg
 .text.nm_read_block
                0x00005f48       0x40 WiFi101\driver\source\nmbus.c.o
                0x00005f48                nm_read_block
 .text.nm_write_block
                0x00005f88       0x40 WiFi101\driver\source\nmbus.c.o
                0x00005f88                nm_write_block
 .text.nm_get_firmware_info
                0x00005fc8       0xac WiFi101\driver\source\nmdrv.c.o
                0x00005fc8                nm_get_firmware_info
 .text.nm_get_firmware_full_info
                0x00006074       0xb4 WiFi101\driver\source\nmdrv.c.o
                0x00006074                nm_get_firmware_full_info
 .text.nm_drv_init
                0x00006128       0x70 WiFi101\driver\source\nmdrv.c.o
                0x00006128                nm_drv_init
 .text.nm_drv_deinit
                0x00006198       0x22 WiFi101\driver\source\nmdrv.c.o
                0x00006198                nm_drv_deinit
 .text.nmi_spi_write
                0x000061ba       0x18 WiFi101\driver\source\nmspi.c.o
 .text.nmi_spi_read
                0x000061d2       0x18 WiFi101\driver\source\nmspi.c.o
 .text.spi_cmd_rsp
                0x000061ea       0x68 WiFi101\driver\source\nmspi.c.o
 *fill*         0x00006252        0x2 
 .text.spi_data_read
                0x00006254       0x8c WiFi101\driver\source\nmspi.c.o
 .text.spi_cmd  0x000062e0      0x108 WiFi101\driver\source\nmspi.c.o
 .text.spi_write_reg
                0x000063e8       0x66 WiFi101\driver\source\nmspi.c.o
 .text.spi_read_reg
                0x0000644e       0x94 WiFi101\driver\source\nmspi.c.o
 .text.nm_spi_reset
                0x000064e2       0x1c WiFi101\driver\source\nmspi.c.o
                0x000064e2                nm_spi_reset
 *fill*         0x000064fe        0x2 
 .text.nm_spi_deinit
                0x00006500        0xc WiFi101\driver\source\nmspi.c.o
                0x00006500                nm_spi_deinit
 .text.nm_spi_read_reg
                0x0000650c        0xc WiFi101\driver\source\nmspi.c.o
                0x0000650c                nm_spi_read_reg
 .text.nm_spi_read_reg_with_ret
                0x00006518       0x14 WiFi101\driver\source\nmspi.c.o
                0x00006518                nm_spi_read_reg_with_ret
 .text.nm_spi_write_reg
                0x0000652c       0x14 WiFi101\driver\source\nmspi.c.o
                0x0000652c                nm_spi_write_reg
 .text.nm_spi_init
                0x00006540       0x80 WiFi101\driver\source\nmspi.c.o
                0x00006540                nm_spi_init
 .text.nm_spi_read_block
                0x000065c0       0xa2 WiFi101\driver\source\nmspi.c.o
                0x000065c0                nm_spi_read_block
 *fill*         0x00006662        0x2 
 .text.nm_spi_write_block
                0x00006664      0x10c WiFi101\driver\source\nmspi.c.o
                0x00006664                nm_spi_write_block
 .text.m2m_ip_cb
                0x00006770      0x29c WiFi101\socket\source\socket.c.o
 .text.socketInit
                0x00006a0c       0x38 WiFi101\socket\source\socket.c.o
                0x00006a0c                socketInit
 .text.registerSocketCallback
                0x00006a44       0x14 WiFi101\socket\source\socket.c.o
                0x00006a44                registerSocketCallback
 .text.socket   0x00006a58       0xe8 WiFi101\socket\source\socket.c.o
                0x00006a58                socket
 .text.connect  0x00006b40       0x70 WiFi101\socket\source\socket.c.o
                0x00006b40                connect
 .text.send     0x00006bb0       0x94 WiFi101\socket\source\socket.c.o
                0x00006bb0                send
 .text.recv     0x00006c44       0x78 WiFi101\socket\source\socket.c.o
                0x00006c44                recv
 .text.close    0x00006cbc       0x60 WiFi101\socket\source\socket.c.o
                0x00006cbc                close
 .text.recvfrom
                0x00006d1c       0x7c WiFi101\socket\source\socket.c.o
                0x00006d1c                recvfrom
 .text.gethostbyname
                0x00006d98       0x2e WiFi101\socket\source\socket.c.o
                0x00006d98                gethostbyname
 *fill*         0x00006dc6        0x2 
 .text.setsockopt
                0x00006dc8      0x118 WiFi101\socket\source\socket.c.o
                0x00006dc8                setsockopt
 .text.spi_flash_enable
                0x00006ee0       0xd8 WiFi101\spi_flash\source\spi_flash.c.o
                0x00006ee0                spi_flash_enable
 .text._ZN15WiFiSocketClassD2Ev
                0x00006fb8        0xc WiFi101\utility\WiFiSocket.cpp.o
                0x00006fb8                WiFiSocketClass::~WiFiSocketClass()
                0x00006fb8                WiFiSocketClass::~WiFiSocketClass()
 .text._ZN15WiFiSocketClassD0Ev
                0x00006fc4       0x18 WiFi101\utility\WiFiSocket.cpp.o
                0x00006fc4                WiFiSocketClass::~WiFiSocketClass()
 .text._ZN15WiFiSocketClassC2Ev
                0x00006fdc       0x38 WiFi101\utility\WiFiSocket.cpp.o
                0x00006fdc                WiFiSocketClass::WiFiSocketClass()
                0x00006fdc                WiFiSocketClass::WiFiSocketClass()
 .text._ZN15WiFiSocketClass6createEthh
                0x00007014       0x22 WiFi101\utility\WiFiSocket.cpp.o
                0x00007014                WiFiSocketClass::create(unsigned short, unsigned char, unsigned char)
 .text._ZN15WiFiSocketClass6setoptEahhPKvt
                0x00007036       0x18 WiFi101\utility\WiFiSocket.cpp.o
                0x00007036                WiFiSocketClass::setopt(signed char, unsigned char, unsigned char, void const*, unsigned short)
 *fill*         0x0000704e        0x2 
 .text._ZN15WiFiSocketClass7connectEaP8sockaddrh
                0x00007050       0x7c WiFi101\utility\WiFiSocket.cpp.o
                0x00007050                WiFiSocketClass::connect(signed char, sockaddr*, unsigned char)
 .text._ZN15WiFiSocketClass9connectedEa
                0x000070cc       0x1e WiFi101\utility\WiFiSocket.cpp.o
                0x000070cc                WiFiSocketClass::connected(signed char)
 .text._ZN15WiFiSocketClass9availableEa
                0x000070ea       0x2e WiFi101\utility\WiFiSocket.cpp.o
                0x000070ea                WiFiSocketClass::available(signed char)
 .text._ZN15WiFiSocketClass8remoteIPEa
                0x00007118       0x14 WiFi101\utility\WiFiSocket.cpp.o
                0x00007118                WiFiSocketClass::remoteIP(signed char)
 .text._ZN15WiFiSocketClass10remotePortEa
                0x0000712c        0xa WiFi101\utility\WiFiSocket.cpp.o
                0x0000712c                WiFiSocketClass::remotePort(signed char)
 *fill*         0x00007136        0x2 
 .text._ZN15WiFiSocketClass5writeEaPKhj
                0x00007138       0x6c WiFi101\utility\WiFiSocket.cpp.o
                0x00007138                WiFiSocketClass::write(signed char, unsigned char const*, unsigned int)
 .text._ZN15WiFiSocketClass5closeEa
                0x000071a4       0x70 WiFi101\utility\WiFiSocket.cpp.o
                0x000071a4                WiFiSocketClass::close(signed char)
 .text._ZN15WiFiSocketClass14fillRecvBufferEa
                0x00007214       0x78 WiFi101\utility\WiFiSocket.cpp.o
                0x00007214                WiFiSocketClass::fillRecvBuffer(signed char)
 .text._ZN15WiFiSocketClass4peekEa
                0x0000728c       0x5e WiFi101\utility\WiFiSocket.cpp.o
                0x0000728c                WiFiSocketClass::peek(signed char)
 .text._ZN15WiFiSocketClass4readEaPhj
                0x000072ea       0xe8 WiFi101\utility\WiFiSocket.cpp.o
                0x000072ea                WiFiSocketClass::read(signed char, unsigned char*, unsigned int)
 .text._ZN15WiFiSocketClass11handleEventEahPv
                0x000073d2      0x116 WiFi101\utility\WiFiSocket.cpp.o
                0x000073d2                WiFiSocketClass::handleEvent(signed char, unsigned char, void*)
 .text._ZN15WiFiSocketClass13eventCallbackEahPv
                0x000074e8       0x18 WiFi101\utility\WiFiSocket.cpp.o
                0x000074e8                WiFiSocketClass::eventCallback(signed char, unsigned char, void*)
 .text.startup._GLOBAL__sub_I__ZN15WiFiSocketClassC2Ev
                0x00007500       0x34 WiFi101\utility\WiFiSocket.cpp.o
 .text.SERCOM0_Handler
                0x00007534       0x10 C:\Users\Vu\AppData\Local\Temp\VMBCore\arduino16x\738f5a7998026d51a13128e819df1cf6\variant\variant.cpp.o
                0x00007534                SERCOM0_Handler
 .text.SERCOM5_Handler
                0x00007544       0x10 C:\Users\Vu\AppData\Local\Temp\VMBCore\arduino16x\738f5a7998026d51a13128e819df1cf6\variant\variant.cpp.o
                0x00007544                SERCOM5_Handler
 .text.startup._GLOBAL__sub_I_g_APinDescription
                0x00007554       0x94 C:\Users\Vu\AppData\Local\Temp\VMBCore\arduino16x\738f5a7998026d51a13128e819df1cf6\variant\variant.cpp.o
 .text.cos      0x000075e8       0xa8 c:/users/vu/appdata/local/arduino15/packages/arduino/tools/arm-none-eabi-gcc/4.8.3-2014q1/bin/../lib/gcc/arm-none-eabi/4.8.3/../../../../arm-none-eabi/lib/armv6-m\libm.a(lib_a-s_cos.o)
                0x000075e8                cos
 .text.sin      0x00007690       0xb0 c:/users/vu/appdata/local/arduino15/packages/arduino/tools/arm-none-eabi-gcc/4.8.3-2014q1/bin/../lib/gcc/arm-none-eabi/4.8.3/../../../../arm-none-eabi/lib/armv6-m\libm.a(lib_a-s_sin.o)
                0x00007690                sin
 .text.__ieee754_rem_pio2
                0x00007740      0x478 c:/users/vu/appdata/local/arduino15/packages/arduino/tools/arm-none-eabi-gcc/4.8.3-2014q1/bin/../lib/gcc/arm-none-eabi/4.8.3/../../../../arm-none-eabi/lib/armv6-m\libm.a(lib_a-e_rem_pio2.o)
                0x00007740                __ieee754_rem_pio2
 .text.__kernel_cos
                0x00007bb8      0x248 c:/users/vu/appdata/local/arduino15/packages/arduino/tools/arm-none-eabi-gcc/4.8.3-2014q1/bin/../lib/gcc/arm-none-eabi/4.8.3/../../../../arm-none-eabi/lib/armv6-m\libm.a(lib_a-k_cos.o)
                0x00007bb8                __kernel_cos
 .text.__kernel_rem_pio2
                0x00007e00      0x830 c:/users/vu/appdata/local/arduino15/packages/arduino/tools/arm-none-eabi-gcc/4.8.3-2014q1/bin/../lib/gcc/arm-none-eabi/4.8.3/../../../../arm-none-eabi/lib/armv6-m\libm.a(lib_a-k_rem_pio2.o)
                0x00007e00                __kernel_rem_pio2
 .text.__kernel_sin
                0x00008630      0x158 c:/users/vu/appdata/local/arduino15/packages/arduino/tools/arm-none-eabi-gcc/4.8.3-2014q1/bin/../lib/gcc/arm-none-eabi/4.8.3/../../../../arm-none-eabi/lib/armv6-m\libm.a(lib_a-k_sin.o)
                0x00008630                __kernel_sin
 .text.fabs     0x00008788        0x8 c:/users/vu/appdata/local/arduino15/packages/arduino/tools/arm-none-eabi-gcc/4.8.3-2014q1/bin/../lib/gcc/arm-none-eabi/4.8.3/../../../../arm-none-eabi/lib/armv6-m\libm.a(lib_a-s_fabs.o)
                0x00008788                fabs
 .text.floor    0x00008790      0x170 c:/users/vu/appdata/local/arduino15/packages/arduino/tools/arm-none-eabi-gcc/4.8.3-2014q1/bin/../lib/gcc/arm-none-eabi/4.8.3/../../../../arm-none-eabi/lib/armv6-m\libm.a(lib_a-s_floor.o)
                0x00008790                floor
 .text.scalbn   0x00008900      0x110 c:/users/vu/appdata/local/arduino15/packages/arduino/tools/arm-none-eabi-gcc/4.8.3-2014q1/bin/../lib/gcc/arm-none-eabi/4.8.3/../../../../arm-none-eabi/lib/armv6-m\libm.a(lib_a-s_scalbn.o)
                0x00008900                scalbn
 .text.copysign
                0x00008a10       0x10 c:/users/vu/appdata/local/arduino15/packages/arduino/tools/arm-none-eabi-gcc/4.8.3-2014q1/bin/../lib/gcc/arm-none-eabi/4.8.3/../../../../arm-none-eabi/lib/armv6-m\libm.a(lib_a-s_copysign.o)
                0x00008a10                copysign
 .text.Dummy_Handler
                0x00008a20        0x2 C:\Users\Vu\AppData\Local\Temp\VMBuilds\VentusThermostatGUI\adafruit_adafruit_feather_m0\Release/core.a(cortex_handlers.c.o)
                0x00008a20                DMAC_Handler
                0x00008a20                HardFault_Handler
                0x00008a20                AC_Handler
                0x00008a20                PendSV_Handler
                0x00008a20                TC7_Handler
                0x00008a20                SERCOM1_Handler
                0x00008a20                ADC_Handler
                0x00008a20                TCC1_Handler
                0x00008a20                SERCOM2_Handler
                0x00008a20                TCC0_Handler
                0x00008a20                RTC_Handler
                0x00008a20                TC6_Handler
                0x00008a20                WDT_Handler
                0x00008a20                TC4_Handler
                0x00008a20                TC3_Handler
                0x00008a20                Dummy_Handler
                0x00008a20                PM_Handler
                0x00008a20                SVC_Handler
                0x00008a20                TCC2_Handler
                0x00008a20                EVSYS_Handler
                0x00008a20                SERCOM4_Handler
                0x00008a20                I2S_Handler
                0x00008a20                NVMCTRL_Handler
                0x00008a20                DAC_Handler
                0x00008a20                PTC_Handler
                0x00008a20                SYSCTRL_Handler
 *fill*         0x00008a22        0x2 
 .text.USB_Handler
                0x00008a24       0x14 C:\Users\Vu\AppData\Local\Temp\VMBuilds\VentusThermostatGUI\adafruit_adafruit_feather_m0\Release/core.a(cortex_handlers.c.o)
                0x00008a24                USB_Handler
 .text.Reset_Handler
                0x00008a38       0x54 C:\Users\Vu\AppData\Local\Temp\VMBuilds\VentusThermostatGUI\adafruit_adafruit_feather_m0\Release/core.a(cortex_handlers.c.o)
                0x00008a38                Reset_Handler
 .text.SysTick_Handler
                0x00008a8c       0x10 C:\Users\Vu\AppData\Local\Temp\VMBuilds\VentusThermostatGUI\adafruit_adafruit_feather_m0\Release/core.a(cortex_handlers.c.o)
                0x00008a8c                SysTick_Handler
 .text.USB_SetHandler
                0x00008a9c        0xc C:\Users\Vu\AppData\Local\Temp\VMBuilds\VentusThermostatGUI\adafruit_adafruit_feather_m0\Release/core.a(cortex_handlers.c.o)
                0x00008a9c                USB_SetHandler
 .text.millis   0x00008aa8        0xc C:\Users\Vu\AppData\Local\Temp\VMBuilds\VentusThermostatGUI\adafruit_adafruit_feather_m0\Release/core.a(delay.c.o)
                0x00008aa8                millis
 .text.delay    0x00008ab4       0x20 C:\Users\Vu\AppData\Local\Temp\VMBuilds\VentusThermostatGUI\adafruit_adafruit_feather_m0\Release/core.a(delay.c.o)
                0x00008ab4                delay
 .text.SysTick_DefaultHandler
                0x00008ad4       0x14 C:\Users\Vu\AppData\Local\Temp\VMBuilds\VentusThermostatGUI\adafruit_adafruit_feather_m0\Release/core.a(delay.c.o)
                0x00008ad4                SysTick_DefaultHandler
 .text.__empty  0x00008ae8        0x2 C:\Users\Vu\AppData\Local\Temp\VMBuilds\VentusThermostatGUI\adafruit_adafruit_feather_m0\Release/core.a(hooks.c.o)
                0x00008ae8                yield
 .text.__false  0x00008aea        0x4 C:\Users\Vu\AppData\Local\Temp\VMBuilds\VentusThermostatGUI\adafruit_adafruit_feather_m0\Release/core.a(hooks.c.o)
                0x00008aea                sysTickHook
 *fill*         0x00008aee        0x2 
 .text.SystemInit
                0x00008af0      0x168 C:\Users\Vu\AppData\Local\Temp\VMBuilds\VentusThermostatGUI\adafruit_adafruit_feather_m0\Release/core.a(startup.c.o)
                0x00008af0                SystemInit
 .text.attachInterrupt
                0x00008c58      0x174 C:\Users\Vu\AppData\Local\Temp\VMBuilds\VentusThermostatGUI\adafruit_adafruit_feather_m0\Release/core.a(WInterrupts.c.o)
                0x00008c58                attachInterrupt
 .text.detachInterrupt
                0x00008dcc       0x88 C:\Users\Vu\AppData\Local\Temp\VMBuilds\VentusThermostatGUI\adafruit_adafruit_feather_m0\Release/core.a(WInterrupts.c.o)
                0x00008dcc                detachInterrupt
 .text.EIC_Handler
                0x00008e54       0x3c C:\Users\Vu\AppData\Local\Temp\VMBuilds\VentusThermostatGUI\adafruit_adafruit_feather_m0\Release/core.a(WInterrupts.c.o)
                0x00008e54                EIC_Handler
 .text.NMI_Handler
                0x00008e90       0x20 C:\Users\Vu\AppData\Local\Temp\VMBuilds\VentusThermostatGUI\adafruit_adafruit_feather_m0\Release/core.a(WInterrupts.c.o)
                0x00008e90                NMI_Handler
 .text.init     0x00008eb0       0xf0 C:\Users\Vu\AppData\Local\Temp\VMBuilds\VentusThermostatGUI\adafruit_adafruit_feather_m0\Release/core.a(wiring.c.o)
                0x00008eb0                init
 .text.analogReference
                0x00008fa0       0x5c C:\Users\Vu\AppData\Local\Temp\VMBuilds\VentusThermostatGUI\adafruit_adafruit_feather_m0\Release/core.a(wiring_analog.c.o)
                0x00008fa0                analogReference
 .text.analogRead
                0x00008ffc       0xf0 C:\Users\Vu\AppData\Local\Temp\VMBuilds\VentusThermostatGUI\adafruit_adafruit_feather_m0\Release/core.a(wiring_analog.c.o)
                0x00008ffc                analogRead
 .text.pinMode  0x000090ec       0xb4 C:\Users\Vu\AppData\Local\Temp\VMBuilds\VentusThermostatGUI\adafruit_adafruit_feather_m0\Release/core.a(wiring_digital.c.o)
                0x000090ec                pinMode
 .text.digitalWrite
                0x000091a0       0x60 C:\Users\Vu\AppData\Local\Temp\VMBuilds\VentusThermostatGUI\adafruit_adafruit_feather_m0\Release/core.a(wiring_digital.c.o)
                0x000091a0                digitalWrite
 .text.digitalRead
                0x00009200       0x30 C:\Users\Vu\AppData\Local\Temp\VMBuilds\VentusThermostatGUI\adafruit_adafruit_feather_m0\Release/core.a(wiring_digital.c.o)
                0x00009200                digitalRead
 .text.pinPeripheral
                0x00009230       0xc4 C:\Users\Vu\AppData\Local\Temp\VMBuilds\VentusThermostatGUI\adafruit_adafruit_feather_m0\Release/core.a(wiring_private.c.o)
                0x00009230                pinPeripheral
 .text.shiftIn  0x000092f4       0x42 C:\Users\Vu\AppData\Local\Temp\VMBuilds\VentusThermostatGUI\adafruit_adafruit_feather_m0\Release/core.a(wiring_shift.c.o)
                0x000092f4                shiftIn
 .text.shiftOut
                0x00009336       0x40 C:\Users\Vu\AppData\Local\Temp\VMBuilds\VentusThermostatGUI\adafruit_adafruit_feather_m0\Release/core.a(wiring_shift.c.o)
                0x00009336                shiftOut
 .text.__cxa_pure_virtual
                0x00009376        0x2 C:\Users\Vu\AppData\Local\Temp\VMBuilds\VentusThermostatGUI\adafruit_adafruit_feather_m0\Release/core.a(abi.cpp.o)
                0x00009376                __cxa_pure_virtual
 .text._ZNK9IPAddress7printToER5Print
                0x00009378       0x3c C:\Users\Vu\AppData\Local\Temp\VMBuilds\VentusThermostatGUI\adafruit_adafruit_feather_m0\Release/core.a(IPAddress.cpp.o)
                0x00009378                IPAddress::printTo(Print&) const
 .text._ZN9IPAddressC2Ev
                0x000093b4       0x10 C:\Users\Vu\AppData\Local\Temp\VMBuilds\VentusThermostatGUI\adafruit_adafruit_feather_m0\Release/core.a(IPAddress.cpp.o)
                0x000093b4                IPAddress::IPAddress()
                0x000093b4                IPAddress::IPAddress()
 .text._ZN9IPAddressC2Ehhhh
                0x000093c4       0x1c C:\Users\Vu\AppData\Local\Temp\VMBuilds\VentusThermostatGUI\adafruit_adafruit_feather_m0\Release/core.a(IPAddress.cpp.o)
                0x000093c4                IPAddress::IPAddress(unsigned char, unsigned char, unsigned char, unsigned char)
                0x000093c4                IPAddress::IPAddress(unsigned char, unsigned char, unsigned char, unsigned char)
 .text._ZN9IPAddressC2Em
                0x000093e0       0x10 C:\Users\Vu\AppData\Local\Temp\VMBuilds\VentusThermostatGUI\adafruit_adafruit_feather_m0\Release/core.a(IPAddress.cpp.o)
                0x000093e0                IPAddress::IPAddress(unsigned long)
                0x000093e0                IPAddress::IPAddress(unsigned long)
 .text._ZN9IPAddress10fromStringEPKc
                0x000093f0       0x4c C:\Users\Vu\AppData\Local\Temp\VMBuilds\VentusThermostatGUI\adafruit_adafruit_feather_m0\Release/core.a(IPAddress.cpp.o)
                0x000093f0                IPAddress::fromString(char const*)
 .text._ZN9IPAddressaSEm
                0x0000943c        0x4 C:\Users\Vu\AppData\Local\Temp\VMBuilds\VentusThermostatGUI\adafruit_adafruit_feather_m0\Release/core.a(IPAddress.cpp.o)
                0x0000943c                IPAddress::operator=(unsigned long)
 .text.startup._GLOBAL__sub_I__ZN9IPAddressC2Ev
                0x00009440       0x1c C:\Users\Vu\AppData\Local\Temp\VMBuilds\VentusThermostatGUI\adafruit_adafruit_feather_m0\Release/core.a(IPAddress.cpp.o)
 .text._Z11initVariantv
                0x0000945c        0x2 C:\Users\Vu\AppData\Local\Temp\VMBuilds\VentusThermostatGUI\adafruit_adafruit_feather_m0\Release/core.a(main.cpp.o)
                0x0000945c                initVariant()
 *fill*         0x0000945e        0x2 
 .text.startup.main
                0x00009460       0x40 C:\Users\Vu\AppData\Local\Temp\VMBuilds\VentusThermostatGUI\adafruit_adafruit_feather_m0\Release/core.a(main.cpp.o)
                0x00009460                main
 .text._Znwj    0x000094a0        0x8 C:\Users\Vu\AppData\Local\Temp\VMBuilds\VentusThermostatGUI\adafruit_adafruit_feather_m0\Release/core.a(new.cpp.o)
                0x000094a0                operator new(unsigned int)
 .text._ZdlPv   0x000094a8        0x8 C:\Users\Vu\AppData\Local\Temp\VMBuilds\VentusThermostatGUI\adafruit_adafruit_feather_m0\Release/core.a(new.cpp.o)
                0x000094a8                operator delete(void*)
 .text._ZN5Print5writeEPKhj
                0x000094b0       0x28 C:\Users\Vu\AppData\Local\Temp\VMBuilds\VentusThermostatGUI\adafruit_adafruit_feather_m0\Release/core.a(Print.cpp.o)
                0x000094b0                Print::write(unsigned char const*, unsigned int)
 .text._ZN5Print5printEmi.part.4
                0x000094d8        0xc C:\Users\Vu\AppData\Local\Temp\VMBuilds\VentusThermostatGUI\adafruit_adafruit_feather_m0\Release/core.a(Print.cpp.o)
 .text._ZN5Print5writeEPKc
                0x000094e4       0x1c C:\Users\Vu\AppData\Local\Temp\VMBuilds\VentusThermostatGUI\adafruit_adafruit_feather_m0\Release/core.a(Print.cpp.o)
                0x000094e4                Print::write(char const*)
 .text._ZN5Print5printERK6String
                0x00009500       0x10 C:\Users\Vu\AppData\Local\Temp\VMBuilds\VentusThermostatGUI\adafruit_adafruit_feather_m0\Release/core.a(Print.cpp.o)
                0x00009500                Print::print(String const&)
 .text._ZN5Print5printEPKc
                0x00009510        0x8 C:\Users\Vu\AppData\Local\Temp\VMBuilds\VentusThermostatGUI\adafruit_adafruit_feather_m0\Release/core.a(Print.cpp.o)
                0x00009510                Print::print(char const*)
 .text._ZN5Print5printEc
                0x00009518        0xa C:\Users\Vu\AppData\Local\Temp\VMBuilds\VentusThermostatGUI\adafruit_adafruit_feather_m0\Release/core.a(Print.cpp.o)
                0x00009518                Print::print(char)
 *fill*         0x00009522        0x2 
 .text._ZN5Print7printlnEv
                0x00009524       0x10 C:\Users\Vu\AppData\Local\Temp\VMBuilds\VentusThermostatGUI\adafruit_adafruit_feather_m0\Release/core.a(Print.cpp.o)
                0x00009524                Print::println()
 .text._ZN5Print7printlnERK6String
                0x00009534       0x14 C:\Users\Vu\AppData\Local\Temp\VMBuilds\VentusThermostatGUI\adafruit_adafruit_feather_m0\Release/core.a(Print.cpp.o)
                0x00009534                Print::println(String const&)
 .text._ZN5Print7printlnEPKc
                0x00009548       0x14 C:\Users\Vu\AppData\Local\Temp\VMBuilds\VentusThermostatGUI\adafruit_adafruit_feather_m0\Release/core.a(Print.cpp.o)
                0x00009548                Print::println(char const*)
 .text._ZN5Print11printNumberEmh
                0x0000955c       0x4e C:\Users\Vu\AppData\Local\Temp\VMBuilds\VentusThermostatGUI\adafruit_adafruit_feather_m0\Release/core.a(Print.cpp.o)
                0x0000955c                Print::printNumber(unsigned long, unsigned char)
 .text._ZN5Print5printEli
                0x000095aa       0x3c C:\Users\Vu\AppData\Local\Temp\VMBuilds\VentusThermostatGUI\adafruit_adafruit_feather_m0\Release/core.a(Print.cpp.o)
                0x000095aa                Print::print(long, int)
 .text._ZN5Print5printEii
                0x000095e6        0x8 C:\Users\Vu\AppData\Local\Temp\VMBuilds\VentusThermostatGUI\adafruit_adafruit_feather_m0\Release/core.a(Print.cpp.o)
                0x000095e6                Print::print(int, int)
 .text._ZN5Print5printEmi
                0x000095ee       0x14 C:\Users\Vu\AppData\Local\Temp\VMBuilds\VentusThermostatGUI\adafruit_adafruit_feather_m0\Release/core.a(Print.cpp.o)
                0x000095ee                Print::print(unsigned long, int)
 .text._ZN5Print5printEhi
                0x00009602        0x8 C:\Users\Vu\AppData\Local\Temp\VMBuilds\VentusThermostatGUI\adafruit_adafruit_feather_m0\Release/core.a(Print.cpp.o)
                0x00009602                Print::print(unsigned char, int)
 *fill*         0x0000960a        0x2 
 .text.initiateReset
                0x0000960c        0xc C:\Users\Vu\AppData\Local\Temp\VMBuilds\VentusThermostatGUI\adafruit_adafruit_feather_m0\Release/core.a(Reset.cpp.o)
                0x0000960c                initiateReset
 .text.cancelReset
                0x00009618       0x10 C:\Users\Vu\AppData\Local\Temp\VMBuilds\VentusThermostatGUI\adafruit_adafruit_feather_m0\Release/core.a(Reset.cpp.o)
                0x00009618                cancelReset
 .text.tickReset
                0x00009628       0x74 C:\Users\Vu\AppData\Local\Temp\VMBuilds\VentusThermostatGUI\adafruit_adafruit_feather_m0\Release/core.a(Reset.cpp.o)
                0x00009628                tickReset
 .text._ZN6SERCOMC2EP6Sercom
                0x0000969c        0x4 C:\Users\Vu\AppData\Local\Temp\VMBuilds\VentusThermostatGUI\adafruit_adafruit_feather_m0\Release/core.a(SERCOM.cpp.o)
                0x0000969c                SERCOM::SERCOM(Sercom*)
                0x0000969c                SERCOM::SERCOM(Sercom*)
 .text._ZN6SERCOM9initFrameE18SercomUartCharSize15SercomDataOrder16SercomParityMode19SercomNumberStopBit
                0x000096a0       0x38 C:\Users\Vu\AppData\Local\Temp\VMBuilds\VentusThermostatGUI\adafruit_adafruit_feather_m0\Release/core.a(SERCOM.cpp.o)
                0x000096a0                SERCOM::initFrame(SercomUartCharSize, SercomDataOrder, SercomParityMode, SercomNumberStopBit)
 .text._ZN6SERCOM8initPadsE15SercomUartTXPad11SercomRXPad
                0x000096d8       0x26 C:\Users\Vu\AppData\Local\Temp\VMBuilds\VentusThermostatGUI\adafruit_adafruit_feather_m0\Release/core.a(SERCOM.cpp.o)
                0x000096d8                SERCOM::initPads(SercomUartTXPad, SercomRXPad)
 .text._ZN6SERCOM9resetUARTEv
                0x000096fe       0x1c C:\Users\Vu\AppData\Local\Temp\VMBuilds\VentusThermostatGUI\adafruit_adafruit_feather_m0\Release/core.a(SERCOM.cpp.o)
                0x000096fe                SERCOM::resetUART()
 .text._ZN6SERCOM10enableUARTEv
                0x0000971a       0x14 C:\Users\Vu\AppData\Local\Temp\VMBuilds\VentusThermostatGUI\adafruit_adafruit_feather_m0\Release/core.a(SERCOM.cpp.o)
                0x0000971a                SERCOM::enableUART()
 .text._ZN6SERCOM9flushUARTEv
                0x0000972e       0x10 C:\Users\Vu\AppData\Local\Temp\VMBuilds\VentusThermostatGUI\adafruit_adafruit_feather_m0\Release/core.a(SERCOM.cpp.o)
                0x0000972e                SERCOM::flushUART()
 .text._ZN6SERCOM15clearStatusUARTEv
                0x0000973e        0x8 C:\Users\Vu\AppData\Local\Temp\VMBuilds\VentusThermostatGUI\adafruit_adafruit_feather_m0\Release/core.a(SERCOM.cpp.o)
                0x0000973e                SERCOM::clearStatusUART()
 .text._ZN6SERCOM17availableDataUARTEv
                0x00009746        0xa C:\Users\Vu\AppData\Local\Temp\VMBuilds\VentusThermostatGUI\adafruit_adafruit_feather_m0\Release/core.a(SERCOM.cpp.o)
                0x00009746                SERCOM::availableDataUART()
 .text._ZN6SERCOM11isUARTErrorEv
                0x00009750        0x8 C:\Users\Vu\AppData\Local\Temp\VMBuilds\VentusThermostatGUI\adafruit_adafruit_feather_m0\Release/core.a(SERCOM.cpp.o)
                0x00009750                SERCOM::isUARTError()
 .text._ZN6SERCOM20acknowledgeUARTErrorEv
                0x00009758        0xe C:\Users\Vu\AppData\Local\Temp\VMBuilds\VentusThermostatGUI\adafruit_adafruit_feather_m0\Release/core.a(SERCOM.cpp.o)
                0x00009758                SERCOM::acknowledgeUARTError()
 .text._ZN6SERCOM16isFrameErrorUARTEv
                0x00009766        0xa C:\Users\Vu\AppData\Local\Temp\VMBuilds\VentusThermostatGUI\adafruit_adafruit_feather_m0\Release/core.a(SERCOM.cpp.o)
                0x00009766                SERCOM::isFrameErrorUART()
 .text._ZN6SERCOM19clearFrameErrorUARTEv
                0x00009770        0xc C:\Users\Vu\AppData\Local\Temp\VMBuilds\VentusThermostatGUI\adafruit_adafruit_feather_m0\Release/core.a(SERCOM.cpp.o)
                0x00009770                SERCOM::clearFrameErrorUART()
 .text._ZN6SERCOM23isDataRegisterEmptyUARTEv
                0x0000977c        0xa C:\Users\Vu\AppData\Local\Temp\VMBuilds\VentusThermostatGUI\adafruit_adafruit_feather_m0\Release/core.a(SERCOM.cpp.o)
                0x0000977c                SERCOM::isDataRegisterEmptyUART()
 .text._ZN6SERCOM12readDataUARTEv
                0x00009786        0x8 C:\Users\Vu\AppData\Local\Temp\VMBuilds\VentusThermostatGUI\adafruit_adafruit_feather_m0\Release/core.a(SERCOM.cpp.o)
                0x00009786                SERCOM::readDataUART()
 .text._ZN6SERCOM13writeDataUARTEh
                0x0000978e        0xe C:\Users\Vu\AppData\Local\Temp\VMBuilds\VentusThermostatGUI\adafruit_adafruit_feather_m0\Release/core.a(SERCOM.cpp.o)
                0x0000978e                SERCOM::writeDataUART(unsigned char)
 .text._ZN6SERCOM36enableDataRegisterEmptyInterruptUARTEv
                0x0000979c        0x8 C:\Users\Vu\AppData\Local\Temp\VMBuilds\VentusThermostatGUI\adafruit_adafruit_feather_m0\Release/core.a(SERCOM.cpp.o)
                0x0000979c                SERCOM::enableDataRegisterEmptyInterruptUART()
 .text._ZN6SERCOM37disableDataRegisterEmptyInterruptUARTEv
                0x000097a4        0x8 C:\Users\Vu\AppData\Local\Temp\VMBuilds\VentusThermostatGUI\adafruit_adafruit_feather_m0\Release/core.a(SERCOM.cpp.o)
                0x000097a4                SERCOM::disableDataRegisterEmptyInterruptUART()
 .text._ZN6SERCOM12initSPIClockE18SercomSpiClockModem
                0x000097ac       0x30 C:\Users\Vu\AppData\Local\Temp\VMBuilds\VentusThermostatGUI\adafruit_adafruit_feather_m0\Release/core.a(SERCOM.cpp.o)
                0x000097ac                SERCOM::initSPIClock(SercomSpiClockMode, unsigned long)
 .text._ZN6SERCOM8resetSPIEv
                0x000097dc       0x1c C:\Users\Vu\AppData\Local\Temp\VMBuilds\VentusThermostatGUI\adafruit_adafruit_feather_m0\Release/core.a(SERCOM.cpp.o)
                0x000097dc                SERCOM::resetSPI()
 .text._ZN6SERCOM9enableSPIEv
                0x000097f8       0x14 C:\Users\Vu\AppData\Local\Temp\VMBuilds\VentusThermostatGUI\adafruit_adafruit_feather_m0\Release/core.a(SERCOM.cpp.o)
                0x000097f8                SERCOM::enableSPI()
 .text._ZN6SERCOM10disableSPIEv
                0x0000980c       0x12 C:\Users\Vu\AppData\Local\Temp\VMBuilds\VentusThermostatGUI\adafruit_adafruit_feather_m0\Release/core.a(SERCOM.cpp.o)
                0x0000980c                SERCOM::disableSPI()
 .text._ZN6SERCOM15transferDataSPIEh
                0x0000981e       0x1a C:\Users\Vu\AppData\Local\Temp\VMBuilds\VentusThermostatGUI\adafruit_adafruit_feather_m0\Release/core.a(SERCOM.cpp.o)
                0x0000981e                SERCOM::transferDataSPI(unsigned char)
 .text._ZN6SERCOM9resetWIREEv
                0x00009838       0x1c C:\Users\Vu\AppData\Local\Temp\VMBuilds\VentusThermostatGUI\adafruit_adafruit_feather_m0\Release/core.a(SERCOM.cpp.o)
                0x00009838                SERCOM::resetWIRE()
 .text._ZN6SERCOM10enableWIREEv
                0x00009854       0x28 C:\Users\Vu\AppData\Local\Temp\VMBuilds\VentusThermostatGUI\adafruit_adafruit_feather_m0\Release/core.a(SERCOM.cpp.o)
                0x00009854                SERCOM::enableWIRE()
 .text._ZN6SERCOM18prepareNackBitWIREEv
                0x0000987c       0x10 C:\Users\Vu\AppData\Local\Temp\VMBuilds\VentusThermostatGUI\adafruit_adafruit_feather_m0\Release/core.a(SERCOM.cpp.o)
                0x0000987c                SERCOM::prepareNackBitWIRE()
 .text._ZN6SERCOM17prepareAckBitWIREEv
                0x0000988c       0x14 C:\Users\Vu\AppData\Local\Temp\VMBuilds\VentusThermostatGUI\adafruit_adafruit_feather_m0\Release/core.a(SERCOM.cpp.o)
                0x0000988c                SERCOM::prepareAckBitWIRE()
 .text._ZN6SERCOM22prepareCommandBitsWireEh
                0x000098a0       0x2c C:\Users\Vu\AppData\Local\Temp\VMBuilds\VentusThermostatGUI\adafruit_adafruit_feather_m0\Release/core.a(SERCOM.cpp.o)
                0x000098a0                SERCOM::prepareCommandBitsWire(unsigned char)
 .text._ZN6SERCOM21startTransmissionWIREEh23SercomWireReadWriteFlag
                0x000098cc       0x5e C:\Users\Vu\AppData\Local\Temp\VMBuilds\VentusThermostatGUI\adafruit_adafruit_feather_m0\Release/core.a(SERCOM.cpp.o)
                0x000098cc                SERCOM::startTransmissionWIRE(unsigned char, SercomWireReadWriteFlag)
 .text._ZN6SERCOM18sendDataMasterWIREEh
                0x0000992a       0x22 C:\Users\Vu\AppData\Local\Temp\VMBuilds\VentusThermostatGUI\adafruit_adafruit_feather_m0\Release/core.a(SERCOM.cpp.o)
                0x0000992a                SERCOM::sendDataMasterWIRE(unsigned char)
 .text._ZN6SERCOM17sendDataSlaveWIREEh
                0x0000994c       0x1a C:\Users\Vu\AppData\Local\Temp\VMBuilds\VentusThermostatGUI\adafruit_adafruit_feather_m0\Release/core.a(SERCOM.cpp.o)
                0x0000994c                SERCOM::sendDataSlaveWIRE(unsigned char)
 .text._ZN6SERCOM11isSlaveWIREEv
                0x00009966       0x12 C:\Users\Vu\AppData\Local\Temp\VMBuilds\VentusThermostatGUI\adafruit_adafruit_feather_m0\Release/core.a(SERCOM.cpp.o)
                0x00009966                SERCOM::isSlaveWIRE()
 .text._ZN6SERCOM15isDataReadyWIREEv
                0x00009978        0xa C:\Users\Vu\AppData\Local\Temp\VMBuilds\VentusThermostatGUI\adafruit_adafruit_feather_m0\Release/core.a(SERCOM.cpp.o)
                0x00009978                SERCOM::isDataReadyWIRE()
 .text._ZN6SERCOM18isStopDetectedWIREEv
                0x00009982        0xa C:\Users\Vu\AppData\Local\Temp\VMBuilds\VentusThermostatGUI\adafruit_adafruit_feather_m0\Release/core.a(SERCOM.cpp.o)
                0x00009982                SERCOM::isStopDetectedWIRE()
 .text._ZN6SERCOM21isRestartDetectedWIREEv
                0x0000998c        0xa C:\Users\Vu\AppData\Local\Temp\VMBuilds\VentusThermostatGUI\adafruit_adafruit_feather_m0\Release/core.a(SERCOM.cpp.o)
                0x0000998c                SERCOM::isRestartDetectedWIRE()
 .text._ZN6SERCOM14isAddressMatchEv
                0x00009996        0xa C:\Users\Vu\AppData\Local\Temp\VMBuilds\VentusThermostatGUI\adafruit_adafruit_feather_m0\Release/core.a(SERCOM.cpp.o)
                0x00009996                SERCOM::isAddressMatch()
 .text._ZN6SERCOM25isMasterReadOperationWIREEv
                0x000099a0        0xa C:\Users\Vu\AppData\Local\Temp\VMBuilds\VentusThermostatGUI\adafruit_adafruit_feather_m0\Release/core.a(SERCOM.cpp.o)
                0x000099a0                SERCOM::isMasterReadOperationWIRE()
 .text._ZN6SERCOM12readDataWIREEv
                0x000099aa       0x1a C:\Users\Vu\AppData\Local\Temp\VMBuilds\VentusThermostatGUI\adafruit_adafruit_feather_m0\Release/core.a(SERCOM.cpp.o)
                0x000099aa                SERCOM::readDataWIRE()
 .text._ZN6SERCOM13initClockNVICEv
                0x000099c4       0xb4 C:\Users\Vu\AppData\Local\Temp\VMBuilds\VentusThermostatGUI\adafruit_adafruit_feather_m0\Release/core.a(SERCOM.cpp.o)
                0x000099c4                SERCOM::initClockNVIC()
 .text._ZN6SERCOM8initUARTE14SercomUartMode20SercomUartSampleRatem
                0x00009a78       0x6c C:\Users\Vu\AppData\Local\Temp\VMBuilds\VentusThermostatGUI\adafruit_adafruit_feather_m0\Release/core.a(SERCOM.cpp.o)
                0x00009a78                SERCOM::initUART(SercomUartMode, SercomUartSampleRate, unsigned long)
 .text._ZN6SERCOM7initSPIE14SercomSpiTXPad11SercomRXPad17SercomSpiCharSize15SercomDataOrder
                0x00009ae4       0x50 C:\Users\Vu\AppData\Local\Temp\VMBuilds\VentusThermostatGUI\adafruit_adafruit_feather_m0\Release/core.a(SERCOM.cpp.o)
                0x00009ae4                SERCOM::initSPI(SercomSpiTXPad, SercomRXPad, SercomSpiCharSize, SercomDataOrder)
 .text._ZN6SERCOM14initMasterWIREEm
                0x00009b34       0x54 C:\Users\Vu\AppData\Local\Temp\VMBuilds\VentusThermostatGUI\adafruit_adafruit_feather_m0\Release/core.a(SERCOM.cpp.o)
                0x00009b34                SERCOM::initMasterWIRE(unsigned long)
 .text._ZN4UartcvbEv
                0x00009b88        0x4 C:\Users\Vu\AppData\Local\Temp\VMBuilds\VentusThermostatGUI\adafruit_adafruit_feather_m0\Release/core.a(Uart.cpp.o)
                0x00009b88                Uart::operator bool()
 .text._ZN4Uart5beginEm
                0x00009b8c       0x10 C:\Users\Vu\AppData\Local\Temp\VMBuilds\VentusThermostatGUI\adafruit_adafruit_feather_m0\Release/core.a(Uart.cpp.o)
                0x00009b8c                Uart::begin(unsigned long)
 .text._ZN4Uart4peekEv
                0x00009b9c       0x1e C:\Users\Vu\AppData\Local\Temp\VMBuilds\VentusThermostatGUI\adafruit_adafruit_feather_m0\Release/core.a(Uart.cpp.o)
                0x00009b9c                Uart::peek()
 .text._ZN4Uart3endEv
                0x00009bba       0x24 C:\Users\Vu\AppData\Local\Temp\VMBuilds\VentusThermostatGUI\adafruit_adafruit_feather_m0\Release/core.a(Uart.cpp.o)
                0x00009bba                Uart::end()
 *fill*         0x00009bde        0x2 
 .text._ZN4UartC2EP6SERCOMhh11SercomRXPad15SercomUartTXPadhh
                0x00009be0       0xa0 C:\Users\Vu\AppData\Local\Temp\VMBuilds\VentusThermostatGUI\adafruit_adafruit_feather_m0\Release/core.a(Uart.cpp.o)
                0x00009be0                Uart::Uart(SERCOM*, unsigned char, unsigned char, SercomRXPad, SercomUartTXPad, unsigned char, unsigned char)
                0x00009be0                Uart::Uart(SERCOM*, unsigned char, unsigned char, SercomRXPad, SercomUartTXPad, unsigned char, unsigned char)
 .text._ZN4UartC2EP6SERCOMhh11SercomRXPad15SercomUartTXPad
                0x00009c80       0x24 C:\Users\Vu\AppData\Local\Temp\VMBuilds\VentusThermostatGUI\adafruit_adafruit_feather_m0\Release/core.a(Uart.cpp.o)
                0x00009c80                Uart::Uart(SERCOM*, unsigned char, unsigned char, SercomRXPad, SercomUartTXPad)
                0x00009c80                Uart::Uart(SERCOM*, unsigned char, unsigned char, SercomRXPad, SercomUartTXPad)
 .text._ZN4Uart16extractNbStopBitEt
                0x00009ca4        0xe C:\Users\Vu\AppData\Local\Temp\VMBuilds\VentusThermostatGUI\adafruit_adafruit_feather_m0\Release/core.a(Uart.cpp.o)
                0x00009ca4                Uart::extractNbStopBit(unsigned short)
 .text._ZN4Uart15extractCharSizeEt
                0x00009cb2       0x2c C:\Users\Vu\AppData\Local\Temp\VMBuilds\VentusThermostatGUI\adafruit_adafruit_feather_m0\Release/core.a(Uart.cpp.o)
                0x00009cb2                Uart::extractCharSize(unsigned short)
 .text._ZN4Uart13extractParityEt
                0x00009cde       0x18 C:\Users\Vu\AppData\Local\Temp\VMBuilds\VentusThermostatGUI\adafruit_adafruit_feather_m0\Release/core.a(Uart.cpp.o)
                0x00009cde                Uart::extractParity(unsigned short)
 *fill*         0x00009cf6        0x2 
 .text._ZN4Uart5beginEmt
                0x00009cf8       0xf0 C:\Users\Vu\AppData\Local\Temp\VMBuilds\VentusThermostatGUI\adafruit_adafruit_feather_m0\Release/core.a(Uart.cpp.o)
                0x00009cf8                Uart::begin(unsigned long, unsigned short)
 .text._ZN11RingBufferNILi164EE9availableEv
                0x00009de8       0x12 C:\Users\Vu\AppData\Local\Temp\VMBuilds\VentusThermostatGUI\adafruit_adafruit_feather_m0\Release/core.a(Uart.cpp.o)
                0x00009de8                RingBufferN<164>::available()
 .text._ZN4Uart5flushEv
                0x00009dfa       0x18 C:\Users\Vu\AppData\Local\Temp\VMBuilds\VentusThermostatGUI\adafruit_adafruit_feather_m0\Release/core.a(Uart.cpp.o)
                0x00009dfa                Uart::flush()
 .text._ZN4Uart9availableEv
                0x00009e12        0xa C:\Users\Vu\AppData\Local\Temp\VMBuilds\VentusThermostatGUI\adafruit_adafruit_feather_m0\Release/core.a(Uart.cpp.o)
                0x00009e12                Uart::available()
 .text._ZN11RingBufferNILi164EE17availableForStoreEv
                0x00009e1c       0x22 C:\Users\Vu\AppData\Local\Temp\VMBuilds\VentusThermostatGUI\adafruit_adafruit_feather_m0\Release/core.a(Uart.cpp.o)
                0x00009e1c                RingBufferN<164>::availableForStore()
 .text._ZN4Uart17availableForWriteEv
                0x00009e3e        0xa C:\Users\Vu\AppData\Local\Temp\VMBuilds\VentusThermostatGUI\adafruit_adafruit_feather_m0\Release/core.a(Uart.cpp.o)
                0x00009e3e                Uart::availableForWrite()
 .text._ZN4Uart10IrqHandlerEv
                0x00009e48       0xde C:\Users\Vu\AppData\Local\Temp\VMBuilds\VentusThermostatGUI\adafruit_adafruit_feather_m0\Release/core.a(Uart.cpp.o)
                0x00009e48                Uart::IrqHandler()
 *fill*         0x00009f26        0x2 
 .text._ZN4Uart5writeEh
                0x00009f28       0xc8 C:\Users\Vu\AppData\Local\Temp\VMBuilds\VentusThermostatGUI\adafruit_adafruit_feather_m0\Release/core.a(Uart.cpp.o)
                0x00009f28                Uart::write(unsigned char)
 .text._ZN4Uart4readEv
                0x00009ff0       0x56 C:\Users\Vu\AppData\Local\Temp\VMBuilds\VentusThermostatGUI\adafruit_adafruit_feather_m0\Release/core.a(Uart.cpp.o)
                0x00009ff0                Uart::read()
 .text._Z3maplllll
                0x0000a046       0x16 C:\Users\Vu\AppData\Local\Temp\VMBuilds\VentusThermostatGUI\adafruit_adafruit_feather_m0\Release/core.a(WMath.cpp.o)
                0x0000a046                map(long, long, long, long, long)
 .text._ZN6StringD2Ev
                0x0000a05c        0xe C:\Users\Vu\AppData\Local\Temp\VMBuilds\VentusThermostatGUI\adafruit_adafruit_feather_m0\Release/core.a(WString.cpp.o)
                0x0000a05c                String::~String()
                0x0000a05c                String::~String()
 .text._ZN6String10invalidateEv
                0x0000a06a       0x18 C:\Users\Vu\AppData\Local\Temp\VMBuilds\VentusThermostatGUI\adafruit_adafruit_feather_m0\Release/core.a(WString.cpp.o)
                0x0000a06a                String::invalidate()
 .text._ZN6String12changeBufferEj
                0x0000a082       0x18 C:\Users\Vu\AppData\Local\Temp\VMBuilds\VentusThermostatGUI\adafruit_adafruit_feather_m0\Release/core.a(WString.cpp.o)
                0x0000a082                String::changeBuffer(unsigned int)
 .text._ZN6String7reserveEj
                0x0000a09a       0x28 C:\Users\Vu\AppData\Local\Temp\VMBuilds\VentusThermostatGUI\adafruit_adafruit_feather_m0\Release/core.a(WString.cpp.o)
                0x0000a09a                String::reserve(unsigned int)
 .text._ZN6String4copyEPKcj
                0x0000a0c2       0x28 C:\Users\Vu\AppData\Local\Temp\VMBuilds\VentusThermostatGUI\adafruit_adafruit_feather_m0\Release/core.a(WString.cpp.o)
                0x0000a0c2                String::copy(char const*, unsigned int)
 .text._ZN6StringC2EPKc
                0x0000a0ea       0x26 C:\Users\Vu\AppData\Local\Temp\VMBuilds\VentusThermostatGUI\adafruit_adafruit_feather_m0\Release/core.a(WString.cpp.o)
                0x0000a0ea                String::String(char const*)
                0x0000a0ea                String::String(char const*)
 .text._ZN6StringaSEPKc
                0x0000a110       0x22 C:\Users\Vu\AppData\Local\Temp\VMBuilds\VentusThermostatGUI\adafruit_adafruit_feather_m0\Release/core.a(WString.cpp.o)
                0x0000a110                String::operator=(char const*)
 .text._ZN6StringC2Eih
                0x0000a132       0x24 C:\Users\Vu\AppData\Local\Temp\VMBuilds\VentusThermostatGUI\adafruit_adafruit_feather_m0\Release/core.a(WString.cpp.o)
                0x0000a132                String::String(int, unsigned char)
                0x0000a132                String::String(int, unsigned char)
 .text._ZN6String6concatEPKcj
                0x0000a156       0x32 C:\Users\Vu\AppData\Local\Temp\VMBuilds\VentusThermostatGUI\adafruit_adafruit_feather_m0\Release/core.a(WString.cpp.o)
                0x0000a156                String::concat(char const*, unsigned int)
 .text._ZplRK15StringSumHelperRK6String
                0x0000a188       0x1c C:\Users\Vu\AppData\Local\Temp\VMBuilds\VentusThermostatGUI\adafruit_adafruit_feather_m0\Release/core.a(WString.cpp.o)
                0x0000a188                operator+(StringSumHelper const&, String const&)
 .text._ZN7Serial_17availableForWriteEv
                0x0000a1a4        0x4 C:\Users\Vu\AppData\Local\Temp\VMBuilds\VentusThermostatGUI\adafruit_adafruit_feather_m0\Release/core.a(CDC.cpp.o)
                0x0000a1a4                Serial_::availableForWrite()
 .text._ZN7Serial_5writeEh
                0x0000a1a8       0x14 C:\Users\Vu\AppData\Local\Temp\VMBuilds\VentusThermostatGUI\adafruit_adafruit_feather_m0\Release/core.a(CDC.cpp.o)
                0x0000a1a8                Serial_::write(unsigned char)
 .text._ZN7Serial_9availableEv
                0x0000a1bc        0xc C:\Users\Vu\AppData\Local\Temp\VMBuilds\VentusThermostatGUI\adafruit_adafruit_feather_m0\Release/core.a(CDC.cpp.o)
                0x0000a1bc                Serial_::available()
 .text._ZN7Serial_5flushEv
                0x0000a1c8        0xc C:\Users\Vu\AppData\Local\Temp\VMBuilds\VentusThermostatGUI\adafruit_adafruit_feather_m0\Release/core.a(CDC.cpp.o)
                0x0000a1c8                Serial_::flush()
 .text._ZN7Serial_5writeEPKhj
                0x0000a1d4       0x2c C:\Users\Vu\AppData\Local\Temp\VMBuilds\VentusThermostatGUI\adafruit_adafruit_feather_m0\Release/core.a(CDC.cpp.o)
                0x0000a1d4                Serial_::write(unsigned char const*, unsigned int)
 .text._ZN7Serial_4peekEv
                0x0000a200       0x1c C:\Users\Vu\AppData\Local\Temp\VMBuilds\VentusThermostatGUI\adafruit_adafruit_feather_m0\Release/core.a(CDC.cpp.o)
                0x0000a200                Serial_::peek()
 .text._ZN7Serial_4readEv
                0x0000a21c       0x24 C:\Users\Vu\AppData\Local\Temp\VMBuilds\VentusThermostatGUI\adafruit_adafruit_feather_m0\Release/core.a(CDC.cpp.o)
                0x0000a21c                Serial_::read()
 .text._Z16CDC_GetInterfacePh
                0x0000a240       0x1c C:\Users\Vu\AppData\Local\Temp\VMBuilds\VentusThermostatGUI\adafruit_adafruit_feather_m0\Release/core.a(CDC.cpp.o)
                0x0000a240                CDC_GetInterface(unsigned char*)
 .text._Z9CDC_SetupR8USBSetup
                0x0000a25c       0x80 C:\Users\Vu\AppData\Local\Temp\VMBuilds\VentusThermostatGUI\adafruit_adafruit_feather_m0\Release/core.a(CDC.cpp.o)
                0x0000a25c                CDC_Setup(USBSetup&)
 .text._ZN7Serial_5beginEm
                0x0000a2dc        0x2 C:\Users\Vu\AppData\Local\Temp\VMBuilds\VentusThermostatGUI\adafruit_adafruit_feather_m0\Release/core.a(CDC.cpp.o)
                0x0000a2dc                Serial_::begin(unsigned long)
 *fill*         0x0000a2de        0x2 
 .text.startup._GLOBAL__sub_I__Z17_CDC_GetInterfacev
                0x0000a2e0       0x28 C:\Users\Vu\AppData\Local\Temp\VMBuilds\VentusThermostatGUI\adafruit_adafruit_feather_m0\Release/core.a(CDC.cpp.o)
 .text._ZN26DoubleBufferedEPOutHandler4initEv
                0x0000a308        0x2 C:\Users\Vu\AppData\Local\Temp\VMBuilds\VentusThermostatGUI\adafruit_adafruit_feather_m0\Release/core.a(USBCore.cpp.o)
                0x0000a308                DoubleBufferedEPOutHandler::init()
 .text._ZL5utox8mPc
                0x0000a30a       0x1c C:\Users\Vu\AppData\Local\Temp\VMBuilds\VentusThermostatGUI\adafruit_adafruit_feather_m0\Release/core.a(USBCore.cpp.o)
 *fill*         0x0000a326        0x2 
 .text._ZN14USBDeviceClass6initEPEmm.part.4
                0x0000a328       0xe0 C:\Users\Vu\AppData\Local\Temp\VMBuilds\VentusThermostatGUI\adafruit_adafruit_feather_m0\Release/core.a(USBCore.cpp.o)
 .text._ZN7__GuardC2Ev
                0x0000a408        0xe C:\Users\Vu\AppData\Local\Temp\VMBuilds\VentusThermostatGUI\adafruit_adafruit_feather_m0\Release/core.a(USBCore.cpp.o)
                0x0000a408                __Guard::__Guard()
                0x0000a408                __Guard::__Guard()
 .text._ZN7__GuardD2Ev
                0x0000a416        0xe C:\Users\Vu\AppData\Local\Temp\VMBuilds\VentusThermostatGUI\adafruit_adafruit_feather_m0\Release/core.a(USBCore.cpp.o)
                0x0000a416                __Guard::~__Guard()
                0x0000a416                __Guard::~__Guard()
 .text._ZNK26DoubleBufferedEPOutHandler9availableEv
                0x0000a424       0x5e C:\Users\Vu\AppData\Local\Temp\VMBuilds\VentusThermostatGUI\adafruit_adafruit_feather_m0\Release/core.a(USBCore.cpp.o)
                0x0000a424                DoubleBufferedEPOutHandler::available() const
 *fill*         0x0000a482        0x2 
 .text._ZN26DoubleBufferedEPOutHandler7releaseEv
                0x0000a484       0x58 C:\Users\Vu\AppData\Local\Temp\VMBuilds\VentusThermostatGUI\adafruit_adafruit_feather_m0\Release/core.a(USBCore.cpp.o)
                0x0000a484                DoubleBufferedEPOutHandler::release()
 .text._ZN26DoubleBufferedEPOutHandler4recvEPvm
                0x0000a4dc      0x11c C:\Users\Vu\AppData\Local\Temp\VMBuilds\VentusThermostatGUI\adafruit_adafruit_feather_m0\Release/core.a(USBCore.cpp.o)
                0x0000a4dc                DoubleBufferedEPOutHandler::recv(void*, unsigned long)
 .text._ZN26DoubleBufferedEPOutHandler14handleEndpointEv
                0x0000a5f8       0xc8 C:\Users\Vu\AppData\Local\Temp\VMBuilds\VentusThermostatGUI\adafruit_adafruit_feather_m0\Release/core.a(USBCore.cpp.o)
                0x0000a5f8                DoubleBufferedEPOutHandler::handleEndpoint()
 .text._ZN14USBDeviceClass14SendInterfacesEPm
                0x0000a6c0       0x2c C:\Users\Vu\AppData\Local\Temp\VMBuilds\VentusThermostatGUI\adafruit_adafruit_feather_m0\Release/core.a(USBCore.cpp.o)
                0x0000a6c0                USBDeviceClass::SendInterfaces(unsigned long*)
 .text._ZN14USBDeviceClass14handleEndpointEh
                0x0000a6ec       0x40 C:\Users\Vu\AppData\Local\Temp\VMBuilds\VentusThermostatGUI\adafruit_adafruit_feather_m0\Release/core.a(USBCore.cpp.o)
                0x0000a6ec                USBDeviceClass::handleEndpoint(unsigned char)
 .text._ZN14USBDeviceClass4initEv
                0x0000a72c       0xf0 C:\Users\Vu\AppData\Local\Temp\VMBuilds\VentusThermostatGUI\adafruit_adafruit_feather_m0\Release/core.a(USBCore.cpp.o)
                0x0000a72c                USBDeviceClass::init()
 .text._ZN14USBDeviceClass6attachEv
                0x0000a81c       0x34 C:\Users\Vu\AppData\Local\Temp\VMBuilds\VentusThermostatGUI\adafruit_adafruit_feather_m0\Release/core.a(USBCore.cpp.o)
                0x0000a81c                USBDeviceClass::attach()
 .text._ZN14USBDeviceClass10setAddressEm
                0x0000a850       0x48 C:\Users\Vu\AppData\Local\Temp\VMBuilds\VentusThermostatGUI\adafruit_adafruit_feather_m0\Release/core.a(USBCore.cpp.o)
                0x0000a850                USBDeviceClass::setAddress(unsigned long)
 .text._ZN14USBDeviceClass25handleClassInterfaceSetupER8USBSetup
                0x0000a898       0x40 C:\Users\Vu\AppData\Local\Temp\VMBuilds\VentusThermostatGUI\adafruit_adafruit_feather_m0\Release/core.a(USBCore.cpp.o)
                0x0000a898                USBDeviceClass::handleClassInterfaceSetup(USBSetup&)
 .text._ZN14USBDeviceClass6initEPEmm
                0x0000a8d8      0x108 C:\Users\Vu\AppData\Local\Temp\VMBuilds\VentusThermostatGUI\adafruit_adafruit_feather_m0\Release/core.a(USBCore.cpp.o)
                0x0000a8d8                USBDeviceClass::initEP(unsigned long, unsigned long)
 .text._ZN14USBDeviceClass13initEndpointsEv
                0x0000a9e0       0x24 C:\Users\Vu\AppData\Local\Temp\VMBuilds\VentusThermostatGUI\adafruit_adafruit_feather_m0\Release/core.a(USBCore.cpp.o)
                0x0000a9e0                USBDeviceClass::initEndpoints()
 .text._ZN14USBDeviceClass9availableEm
                0x0000aa04       0x2c C:\Users\Vu\AppData\Local\Temp\VMBuilds\VentusThermostatGUI\adafruit_adafruit_feather_m0\Release/core.a(USBCore.cpp.o)
                0x0000aa04                USBDeviceClass::available(unsigned long)
 .text._ZN14USBDeviceClass5flushEm
                0x0000aa30       0x2c C:\Users\Vu\AppData\Local\Temp\VMBuilds\VentusThermostatGUI\adafruit_adafruit_feather_m0\Release/core.a(USBCore.cpp.o)